146.231.86.250 - - [14/Dec/2014:17:44:15 +0200] "GET /jobs/ HTTP/1.1" 200 5239 "http://jms.biosci.ru.ac.za/jobs/" "Mozilla/5.0 (X11; Linux x86_64) AppleWebKit/537.36 (KHTML, like Gecko) Ubuntu Chromium/39.0.2171.65 Chrome/39.0.2171.65 Safari/537.36"
146.231.86.250 - - [14/Dec/2014:17:44:16 +0200] "GET /assets/lib/bootstrap/binary/css/bootstrap.css HTTP/1.1" 304 213 "http://jms.biosci.ru.ac.za/jobs/" "Mozilla/5.0 (X11; Linux x86_64) AppleWebKit/537.36 (KHTML, like Gecko) Ubuntu Chromium/39.0.2171.65 Chrome/39.0.2171.65 Safari/537.36"
146.231.86.250 - - [14/Dec/2014:17:44:16 +0200] "GET /assets/lib/bootstrap/binary/css/font-awesome.css HTTP/1.1" 304 213 "http://jms.biosci.ru.ac.za/jobs/" "Mozilla/5.0 (X11; Linux x86_64) AppleWebKit/537.36 (KHTML, like Gecko) Ubuntu Chromium/39.0.2171.65 Chrome/39.0.2171.65 Safari/537.36"
146.231.86.250 - - [14/Dec/2014:17:44:16 +0200] "GET /assets/lib/jquery-ui-1.11.2.jms/jquery-ui.min.css HTTP/1.1" 304 213 "http://jms.biosci.ru.ac.za/jobs/" "Mozilla/5.0 (X11; Linux x86_64) AppleWebKit/537.36 (KHTML, like Gecko) Ubuntu Chromium/39.0.2171.65 Chrome/39.0.2171.65 Safari/537.36"
146.231.86.250 - - [14/Dec/2014:17:44:16 +0200] "GET /assets//lib/elfinder-2.0-rc1/css/elfinder.min.css HTTP/1.1" 304 213 "http://jms.biosci.ru.ac.za/jobs/" "Mozilla/5.0 (X11; Linux x86_64) AppleWebKit/537.36 (KHTML, like Gecko) Ubuntu Chromium/39.0.2171.65 Chrome/39.0.2171.65 Safari/537.36"
146.231.86.250 - - [14/Dec/2014:17:44:16 +0200] "GET /assets/lib/jquery-1.10.2.js HTTP/1.1" 304 213 "http://jms.biosci.ru.ac.za/jobs/" "Mozilla/5.0 (X11; Linux x86_64) AppleWebKit/537.36 (KHTML, like Gecko) Ubuntu Chromium/39.0.2171.65 Chrome/39.0.2171.65 Safari/537.36"
146.231.86.250 - - [14/Dec/2014:17:44:16 +0200] "GET /assets/lib/bootstrap/binary/css/custom.css HTTP/1.1" 304 213 "http://jms.biosci.ru.ac.za/jobs/" "Mozilla/5.0 (X11; Linux x86_64) AppleWebKit/537.36 (KHTML, like Gecko) Ubuntu Chromium/39.0.2171.65 Chrome/39.0.2171.65 Safari/537.36"
146.231.86.250 - - [14/Dec/2014:17:44:16 +0200] "GET /assets/lib/bootstrap/binary/css/stavatech.css HTTP/1.1" 304 212 "http://jms.biosci.ru.ac.za/jobs/" "Mozilla/5.0 (X11; Linux x86_64) AppleWebKit/537.36 (KHTML, like Gecko) Ubuntu Chromium/39.0.2171.65 Chrome/39.0.2171.65 Safari/537.36"
146.231.86.250 - - [14/Dec/2014:17:44:16 +0200] "GET /assets/lib/jquery-migrate.min.js HTTP/1.1" 304 212 "http://jms.biosci.ru.ac.za/jobs/" "Mozilla/5.0 (X11; Linux x86_64) AppleWebKit/537.36 (KHTML, like Gecko) Ubuntu Chromium/39.0.2171.65 Chrome/39.0.2171.65 Safari/537.36"
146.231.86.250 - - [14/Dec/2014:17:44:16 +0200] "GET /assets/lib/jquery-ui-1.11.2.jms/jquery-ui.js HTTP/1.1" 304 213 "http://jms.biosci.ru.ac.za/jobs/" "Mozilla/5.0 (X11; Linux x86_64) AppleWebKit/537.36 (KHTML, like Gecko) Ubuntu Chromium/39.0.2171.65 Chrome/39.0.2171.65 Safari/537.36"
146.231.86.250 - - [14/Dec/2014:17:44:16 +0200] "GET /assets/lib/bootstrap/binary/js/jquery.metisMenu.js HTTP/1.1" 304 211 "http://jms.biosci.ru.ac.za/jobs/" "Mozilla/5.0 (X11; Linux x86_64) AppleWebKit/537.36 (KHTML, like Gecko) Ubuntu Chromium/39.0.2171.65 Chrome/39.0.2171.65 Safari/537.36"
146.231.86.250 - - [14/Dec/2014:17:44:16 +0200] "GET /assets/lib/bootstrap/binary/js/bootstrap.min.js HTTP/1.1" 304 212 "http://jms.biosci.ru.ac.za/jobs/" "Mozilla/5.0 (X11; Linux x86_64) AppleWebKit/537.36 (KHTML, like Gecko) Ubuntu Chromium/39.0.2171.65 Chrome/39.0.2171.65 Safari/537.36"
146.231.86.250 - - [14/Dec/2014:17:44:16 +0200] "GET /assets/lib/knockout-3.0.0.js HTTP/1.1" 304 212 "http://jms.biosci.ru.ac.za/jobs/" "Mozilla/5.0 (X11; Linux x86_64) AppleWebKit/537.36 (KHTML, like Gecko) Ubuntu Chromium/39.0.2171.65 Chrome/39.0.2171.65 Safari/537.36"
146.231.86.250 - - [14/Dec/2014:17:44:16 +0200] "GET /assets/lib/elfinder-2.0-rc1/js/elfinder.min.js HTTP/1.1" 304 213 "http://jms.biosci.ru.ac.za/jobs/" "Mozilla/5.0 (X11; Linux x86_64) AppleWebKit/537.36 (KHTML, like Gecko) Ubuntu Chromium/39.0.2171.65 Chrome/39.0.2171.65 Safari/537.36"
146.231.86.250 - - [14/Dec/2014:17:44:16 +0200] "GET /assets/lib/sammy.js HTTP/1.1" 304 213 "http://jms.biosci.ru.ac.za/jobs/" "Mozilla/5.0 (X11; Linux x86_64) AppleWebKit/537.36 (KHTML, like Gecko) Ubuntu Chromium/39.0.2171.65 Chrome/39.0.2171.65 Safari/537.36"
146.231.86.250 - - [14/Dec/2014:17:44:16 +0200] "GET /assets/lib/slimscroll/jQuery-slimScroll-1.3.0/jquery.slimscroll.min.js HTTP/1.1" 304 212 "http://jms.biosci.ru.ac.za/jobs/" "Mozilla/5.0 (X11; Linux x86_64) AppleWebKit/537.36 (KHTML, like Gecko) Ubuntu Chromium/39.0.2171.65 Chrome/39.0.2171.65 Safari/537.36"
146.231.86.250 - - [14/Dec/2014:17:44:16 +0200] "GET /assets/lib/custom/JMS/custom.js HTTP/1.1" 304 212 "http://jms.biosci.ru.ac.za/jobs/" "Mozilla/5.0 (X11; Linux x86_64) AppleWebKit/537.36 (KHTML, like Gecko) Ubuntu Chromium/39.0.2171.65 Chrome/39.0.2171.65 Safari/537.36"
146.231.86.250 - - [14/Dec/2014:17:44:16 +0200] "GET /assets/lib/custom/JMS/jobs.js HTTP/1.1" 304 212 "http://jms.biosci.ru.ac.za/jobs/" "Mozilla/5.0 (X11; Linux x86_64) AppleWebKit/537.36 (KHTML, like Gecko) Ubuntu Chromium/39.0.2171.65 Chrome/39.0.2171.65 Safari/537.36"
146.231.86.250 - - [14/Dec/2014:17:44:16 +0200] "GET /assets/lib/custom/question.js HTTP/1.1" 304 211 "http://jms.biosci.ru.ac.za/jobs/" "Mozilla/5.0 (X11; Linux x86_64) AppleWebKit/537.36 (KHTML, like Gecko) Ubuntu Chromium/39.0.2171.65 Chrome/39.0.2171.65 Safari/537.36"
146.231.86.250 - - [14/Dec/2014:17:44:16 +0200] "GET /assets/lib/bootstrap/binary/img/offline_user.png HTTP/1.1" 304 189 "http://jms.biosci.ru.ac.za/jobs/" "Mozilla/5.0 (X11; Linux x86_64) AppleWebKit/537.36 (KHTML, like Gecko) Ubuntu Chromium/39.0.2171.65 Chrome/39.0.2171.65 Safari/537.36"
146.231.86.250 - - [14/Dec/2014:17:44:16 +0200] "GET /assets/img/big_red_loader.gif HTTP/1.1" 304 189 "http://jms.biosci.ru.ac.za/jobs/" "Mozilla/5.0 (X11; Linux x86_64) AppleWebKit/537.36 (KHTML, like Gecko) Ubuntu Chromium/39.0.2171.65 Chrome/39.0.2171.65 Safari/537.36"
146.231.86.250 - - [14/Dec/2014:17:44:16 +0200] "GET /assets/img/text_loader.gif HTTP/1.1" 304 189 "http://jms.biosci.ru.ac.za/jobs/" "Mozilla/5.0 (X11; Linux x86_64) AppleWebKit/537.36 (KHTML, like Gecko) Ubuntu Chromium/39.0.2171.65 Chrome/39.0.2171.65 Safari/537.36"
146.231.86.250 - - [14/Dec/2014:17:44:16 +0200] "GET /assets/img/success.png HTTP/1.1" 304 189 "http://jms.biosci.ru.ac.za/jobs/" "Mozilla/5.0 (X11; Linux x86_64) AppleWebKit/537.36 (KHTML, like Gecko) Ubuntu Chromium/39.0.2171.65 Chrome/39.0.2171.65 Safari/537.36"
146.231.86.250 - - [14/Dec/2014:17:44:16 +0200] "GET /assets/img/text_success.gif HTTP/1.1" 304 189 "http://jms.biosci.ru.ac.za/jobs/" "Mozilla/5.0 (X11; Linux x86_64) AppleWebKit/537.36 (KHTML, like Gecko) Ubuntu Chromium/39.0.2171.65 Chrome/39.0.2171.65 Safari/537.36"
146.231.86.250 - - [14/Dec/2014:17:44:16 +0200] "GET /assets/img/error.png HTTP/1.1" 304 189 "http://jms.biosci.ru.ac.za/jobs/" "Mozilla/5.0 (X11; Linux x86_64) AppleWebKit/537.36 (KHTML, like Gecko) Ubuntu Chromium/39.0.2171.65 Chrome/39.0.2171.65 Safari/537.36"
146.231.86.250 - - [14/Dec/2014:17:44:16 +0200] "GET /assets/img/text_failed.gif HTTP/1.1" 304 189 "http://jms.biosci.ru.ac.za/jobs/" "Mozilla/5.0 (X11; Linux x86_64) AppleWebKit/537.36 (KHTML, like Gecko) Ubuntu Chromium/39.0.2171.65 Chrome/39.0.2171.65 Safari/537.36"
146.231.86.250 - - [14/Dec/2014:17:44:16 +0200] "GET /assets/img/tick.png HTTP/1.1" 304 189 "http://jms.biosci.ru.ac.za/jobs/" "Mozilla/5.0 (X11; Linux x86_64) AppleWebKit/537.36 (KHTML, like Gecko) Ubuntu Chromium/39.0.2171.65 Chrome/39.0.2171.65 Safari/537.36"
146.231.86.250 - - [14/Dec/2014:17:44:16 +0200] "GET /assets/img/fail.png HTTP/1.1" 304 188 "http://jms.biosci.ru.ac.za/jobs/" "Mozilla/5.0 (X11; Linux x86_64) AppleWebKit/537.36 (KHTML, like Gecko) Ubuntu Chromium/39.0.2171.65 Chrome/39.0.2171.65 Safari/537.36"
146.231.86.250 - - [14/Dec/2014:17:44:16 +0200] "GET /assets/img/refresh.png HTTP/1.1" 304 188 "http://jms.biosci.ru.ac.za/jobs/" "Mozilla/5.0 (X11; Linux x86_64) AppleWebKit/537.36 (KHTML, like Gecko) Ubuntu Chromium/39.0.2171.65 Chrome/39.0.2171.65 Safari/537.36"
146.231.86.250 - - [14/Dec/2014:17:44:16 +0200] "GET /assets/img/share.png HTTP/1.1" 304 189 "http://jms.biosci.ru.ac.za/jobs/" "Mozilla/5.0 (X11; Linux x86_64) AppleWebKit/537.36 (KHTML, like Gecko) Ubuntu Chromium/39.0.2171.65 Chrome/39.0.2171.65 Safari/537.36"
146.231.86.250 - - [14/Dec/2014:17:44:16 +0200] "GET /assets/img/stop.png HTTP/1.1" 304 189 "http://jms.biosci.ru.ac.za/jobs/" "Mozilla/5.0 (X11; Linux x86_64) AppleWebKit/537.36 (KHTML, like Gecko) Ubuntu Chromium/39.0.2171.65 Chrome/39.0.2171.65 Safari/537.36"
146.231.86.250 - - [14/Dec/2014:17:44:16 +0200] "GET /assets/img/delete.png HTTP/1.1" 304 188 "http://jms.biosci.ru.ac.za/jobs/" "Mozilla/5.0 (X11; Linux x86_64) AppleWebKit/537.36 (KHTML, like Gecko) Ubuntu Chromium/39.0.2171.65 Chrome/39.0.2171.65 Safari/537.36"
146.231.86.250 - - [14/Dec/2014:17:44:16 +0200] "GET /assets/img/question.png HTTP/1.1" 304 189 "http://jms.biosci.ru.ac.za/jobs/" "Mozilla/5.0 (X11; Linux x86_64) AppleWebKit/537.36 (KHTML, like Gecko) Ubuntu Chromium/39.0.2171.65 Chrome/39.0.2171.65 Safari/537.36"
146.231.86.250 - - [14/Dec/2014:17:44:17 +0200] "GET /api/jms/jobs HTTP/1.1" 200 22029 "http://jms.biosci.ru.ac.za/jobs/" "Mozilla/5.0 (X11; Linux x86_64) AppleWebKit/537.36 (KHTML, like Gecko) Ubuntu Chromium/39.0.2171.65 Chrome/39.0.2171.65 Safari/537.36"
146.231.86.250 - - [14/Dec/2014:17:44:46 +0200] "GET /jobs/ HTTP/1.1" 200 5239 "http://jms.biosci.ru.ac.za/jobs/" "Mozilla/5.0 (X11; Linux x86_64) AppleWebKit/537.36 (KHTML, like Gecko) Ubuntu Chromium/39.0.2171.65 Chrome/39.0.2171.65 Safari/537.36"
146.231.86.250 - - [14/Dec/2014:17:44:46 +0200] "GET /assets/lib/bootstrap/binary/css/bootstrap.css HTTP/1.1" 304 213 "http://jms.biosci.ru.ac.za/jobs/" "Mozilla/5.0 (X11; Linux x86_64) AppleWebKit/537.36 (KHTML, like Gecko) Ubuntu Chromium/39.0.2171.65 Chrome/39.0.2171.65 Safari/537.36"
146.231.86.250 - - [14/Dec/2014:17:44:46 +0200] "GET /assets/lib/bootstrap/binary/css/font-awesome.css HTTP/1.1" 304 213 "http://jms.biosci.ru.ac.za/jobs/" "Mozilla/5.0 (X11; Linux x86_64) AppleWebKit/537.36 (KHTML, like Gecko) Ubuntu Chromium/39.0.2171.65 Chrome/39.0.2171.65 Safari/537.36"
146.231.86.250 - - [14/Dec/2014:17:44:46 +0200] "GET /assets//lib/elfinder-2.0-rc1/css/elfinder.min.css HTTP/1.1" 304 213 "http://jms.biosci.ru.ac.za/jobs/" "Mozilla/5.0 (X11; Linux x86_64) AppleWebKit/537.36 (KHTML, like Gecko) Ubuntu Chromium/39.0.2171.65 Chrome/39.0.2171.65 Safari/537.36"
146.231.86.250 - - [14/Dec/2014:17:44:46 +0200] "GET /assets/lib/bootstrap/binary/css/custom.css HTTP/1.1" 304 213 "http://jms.biosci.ru.ac.za/jobs/" "Mozilla/5.0 (X11; Linux x86_64) AppleWebKit/537.36 (KHTML, like Gecko) Ubuntu Chromium/39.0.2171.65 Chrome/39.0.2171.65 Safari/537.36"
146.231.86.250 - - [14/Dec/2014:17:44:46 +0200] "GET /assets/lib/jquery-ui-1.11.2.jms/jquery-ui.min.css HTTP/1.1" 304 213 "http://jms.biosci.ru.ac.za/jobs/" "Mozilla/5.0 (X11; Linux x86_64) AppleWebKit/537.36 (KHTML, like Gecko) Ubuntu Chromium/39.0.2171.65 Chrome/39.0.2171.65 Safari/537.36"
146.231.86.250 - - [14/Dec/2014:17:44:46 +0200] "GET /assets/lib/bootstrap/binary/css/stavatech.css HTTP/1.1" 304 211 "http://jms.biosci.ru.ac.za/jobs/" "Mozilla/5.0 (X11; Linux x86_64) AppleWebKit/537.36 (KHTML, like Gecko) Ubuntu Chromium/39.0.2171.65 Chrome/39.0.2171.65 Safari/537.36"
146.231.86.250 - - [14/Dec/2014:17:44:46 +0200] "GET /assets/lib/jquery-1.10.2.js HTTP/1.1" 304 214 "http://jms.biosci.ru.ac.za/jobs/" "Mozilla/5.0 (X11; Linux x86_64) AppleWebKit/537.36 (KHTML, like Gecko) Ubuntu Chromium/39.0.2171.65 Chrome/39.0.2171.65 Safari/537.36"
146.231.86.250 - - [14/Dec/2014:17:44:46 +0200] "GET /assets/lib/jquery-migrate.min.js HTTP/1.1" 304 212 "http://jms.biosci.ru.ac.za/jobs/" "Mozilla/5.0 (X11; Linux x86_64) AppleWebKit/537.36 (KHTML, like Gecko) Ubuntu Chromium/39.0.2171.65 Chrome/39.0.2171.65 Safari/537.36"
146.231.86.250 - - [14/Dec/2014:17:44:46 +0200] "GET /assets/lib/jquery-ui-1.11.2.jms/jquery-ui.js HTTP/1.1" 304 213 "http://jms.biosci.ru.ac.za/jobs/" "Mozilla/5.0 (X11; Linux x86_64) AppleWebKit/537.36 (KHTML, like Gecko) Ubuntu Chromium/39.0.2171.65 Chrome/39.0.2171.65 Safari/537.36"
146.231.86.250 - - [14/Dec/2014:17:44:46 +0200] "GET /assets/lib/bootstrap/binary/js/jquery.metisMenu.js HTTP/1.1" 304 211 "http://jms.biosci.ru.ac.za/jobs/" "Mozilla/5.0 (X11; Linux x86_64) AppleWebKit/537.36 (KHTML, like Gecko) Ubuntu Chromium/39.0.2171.65 Chrome/39.0.2171.65 Safari/537.36"
146.231.86.250 - - [14/Dec/2014:17:44:46 +0200] "GET /assets/lib/bootstrap/binary/js/bootstrap.min.js HTTP/1.1" 304 212 "http://jms.biosci.ru.ac.za/jobs/" "Mozilla/5.0 (X11; Linux x86_64) AppleWebKit/537.36 (KHTML, like Gecko) Ubuntu Chromium/39.0.2171.65 Chrome/39.0.2171.65 Safari/537.36"
146.231.86.250 - - [14/Dec/2014:17:44:46 +0200] "GET /assets/lib/knockout-3.0.0.js HTTP/1.1" 304 212 "http://jms.biosci.ru.ac.za/jobs/" "Mozilla/5.0 (X11; Linux x86_64) AppleWebKit/537.36 (KHTML, like Gecko) Ubuntu Chromium/39.0.2171.65 Chrome/39.0.2171.65 Safari/537.36"
146.231.86.250 - - [14/Dec/2014:17:44:46 +0200] "GET /assets/lib/slimscroll/jQuery-slimScroll-1.3.0/jquery.slimscroll.min.js HTTP/1.1" 304 212 "http://jms.biosci.ru.ac.za/jobs/" "Mozilla/5.0 (X11; Linux x86_64) AppleWebKit/537.36 (KHTML, like Gecko) Ubuntu Chromium/39.0.2171.65 Chrome/39.0.2171.65 Safari/537.36"
146.231.86.250 - - [14/Dec/2014:17:44:46 +0200] "GET /assets/lib/sammy.js HTTP/1.1" 304 213 "http://jms.biosci.ru.ac.za/jobs/" "Mozilla/5.0 (X11; Linux x86_64) AppleWebKit/537.36 (KHTML, like Gecko) Ubuntu Chromium/39.0.2171.65 Chrome/39.0.2171.65 Safari/537.36"
146.231.86.250 - - [14/Dec/2014:17:44:46 +0200] "GET /assets/lib/elfinder-2.0-rc1/js/elfinder.min.js HTTP/1.1" 304 213 "http://jms.biosci.ru.ac.za/jobs/" "Mozilla/5.0 (X11; Linux x86_64) AppleWebKit/537.36 (KHTML, like Gecko) Ubuntu Chromium/39.0.2171.65 Chrome/39.0.2171.65 Safari/537.36"
146.231.86.250 - - [14/Dec/2014:17:44:46 +0200] "GET /assets/lib/custom/JMS/custom.js HTTP/1.1" 304 212 "http://jms.biosci.ru.ac.za/jobs/" "Mozilla/5.0 (X11; Linux x86_64) AppleWebKit/537.36 (KHTML, like Gecko) Ubuntu Chromium/39.0.2171.65 Chrome/39.0.2171.65 Safari/537.36"
146.231.86.250 - - [14/Dec/2014:17:44:46 +0200] "GET /assets/lib/custom/JMS/jobs.js HTTP/1.1" 304 212 "http://jms.biosci.ru.ac.za/jobs/" "Mozilla/5.0 (X11; Linux x86_64) AppleWebKit/537.36 (KHTML, like Gecko) Ubuntu Chromium/39.0.2171.65 Chrome/39.0.2171.65 Safari/537.36"
146.231.86.250 - - [14/Dec/2014:17:44:46 +0200] "GET /assets/lib/custom/question.js HTTP/1.1" 304 211 "http://jms.biosci.ru.ac.za/jobs/" "Mozilla/5.0 (X11; Linux x86_64) AppleWebKit/537.36 (KHTML, like Gecko) Ubuntu Chromium/39.0.2171.65 Chrome/39.0.2171.65 Safari/537.36"
146.231.86.250 - - [14/Dec/2014:17:44:46 +0200] "GET /assets/lib/bootstrap/binary/img/offline_user.png HTTP/1.1" 304 189 "http://jms.biosci.ru.ac.za/jobs/" "Mozilla/5.0 (X11; Linux x86_64) AppleWebKit/537.36 (KHTML, like Gecko) Ubuntu Chromium/39.0.2171.65 Chrome/39.0.2171.65 Safari/537.36"
146.231.86.250 - - [14/Dec/2014:17:44:46 +0200] "GET /assets/img/big_red_loader.gif HTTP/1.1" 304 189 "http://jms.biosci.ru.ac.za/jobs/" "Mozilla/5.0 (X11; Linux x86_64) AppleWebKit/537.36 (KHTML, like Gecko) Ubuntu Chromium/39.0.2171.65 Chrome/39.0.2171.65 Safari/537.36"
146.231.86.250 - - [14/Dec/2014:17:44:46 +0200] "GET /assets/img/text_loader.gif HTTP/1.1" 304 189 "http://jms.biosci.ru.ac.za/jobs/" "Mozilla/5.0 (X11; Linux x86_64) AppleWebKit/537.36 (KHTML, like Gecko) Ubuntu Chromium/39.0.2171.65 Chrome/39.0.2171.65 Safari/537.36"
146.231.86.250 - - [14/Dec/2014:17:44:46 +0200] "GET /assets/img/success.png HTTP/1.1" 304 189 "http://jms.biosci.ru.ac.za/jobs/" "Mozilla/5.0 (X11; Linux x86_64) AppleWebKit/537.36 (KHTML, like Gecko) Ubuntu Chromium/39.0.2171.65 Chrome/39.0.2171.65 Safari/537.36"
146.231.86.250 - - [14/Dec/2014:17:44:46 +0200] "GET /assets/img/text_success.gif HTTP/1.1" 304 189 "http://jms.biosci.ru.ac.za/jobs/" "Mozilla/5.0 (X11; Linux x86_64) AppleWebKit/537.36 (KHTML, like Gecko) Ubuntu Chromium/39.0.2171.65 Chrome/39.0.2171.65 Safari/537.36"
146.231.86.250 - - [14/Dec/2014:17:44:46 +0200] "GET /assets/img/error.png HTTP/1.1" 304 189 "http://jms.biosci.ru.ac.za/jobs/" "Mozilla/5.0 (X11; Linux x86_64) AppleWebKit/537.36 (KHTML, like Gecko) Ubuntu Chromium/39.0.2171.65 Chrome/39.0.2171.65 Safari/537.36"
146.231.86.250 - - [14/Dec/2014:17:44:46 +0200] "GET /assets/img/text_failed.gif HTTP/1.1" 304 189 "http://jms.biosci.ru.ac.za/jobs/" "Mozilla/5.0 (X11; Linux x86_64) AppleWebKit/537.36 (KHTML, like Gecko) Ubuntu Chromium/39.0.2171.65 Chrome/39.0.2171.65 Safari/537.36"
146.231.86.250 - - [14/Dec/2014:17:44:46 +0200] "GET /assets/img/tick.png HTTP/1.1" 304 189 "http://jms.biosci.ru.ac.za/jobs/" "Mozilla/5.0 (X11; Linux x86_64) AppleWebKit/537.36 (KHTML, like Gecko) Ubuntu Chromium/39.0.2171.65 Chrome/39.0.2171.65 Safari/537.36"
146.231.86.250 - - [14/Dec/2014:17:44:46 +0200] "GET /assets/img/fail.png HTTP/1.1" 304 188 "http://jms.biosci.ru.ac.za/jobs/" "Mozilla/5.0 (X11; Linux x86_64) AppleWebKit/537.36 (KHTML, like Gecko) Ubuntu Chromium/39.0.2171.65 Chrome/39.0.2171.65 Safari/537.36"
146.231.86.250 - - [14/Dec/2014:17:44:46 +0200] "GET /assets/img/refresh.png HTTP/1.1" 304 188 "http://jms.biosci.ru.ac.za/jobs/" "Mozilla/5.0 (X11; Linux x86_64) AppleWebKit/537.36 (KHTML, like Gecko) Ubuntu Chromium/39.0.2171.65 Chrome/39.0.2171.65 Safari/537.36"
146.231.86.250 - - [14/Dec/2014:17:44:46 +0200] "GET /assets/img/share.png HTTP/1.1" 304 189 "http://jms.biosci.ru.ac.za/jobs/" "Mozilla/5.0 (X11; Linux x86_64) AppleWebKit/537.36 (KHTML, like Gecko) Ubuntu Chromium/39.0.2171.65 Chrome/39.0.2171.65 Safari/537.36"
146.231.86.250 - - [14/Dec/2014:17:44:46 +0200] "GET /assets/img/stop.png HTTP/1.1" 304 189 "http://jms.biosci.ru.ac.za/jobs/" "Mozilla/5.0 (X11; Linux x86_64) AppleWebKit/537.36 (KHTML, like Gecko) Ubuntu Chromium/39.0.2171.65 Chrome/39.0.2171.65 Safari/537.36"
146.231.86.250 - - [14/Dec/2014:17:44:46 +0200] "GET /assets/img/delete.png HTTP/1.1" 304 188 "http://jms.biosci.ru.ac.za/jobs/" "Mozilla/5.0 (X11; Linux x86_64) AppleWebKit/537.36 (KHTML, like Gecko) Ubuntu Chromium/39.0.2171.65 Chrome/39.0.2171.65 Safari/537.36"
146.231.86.250 - - [14/Dec/2014:17:44:46 +0200] "GET /assets/img/question.png HTTP/1.1" 304 189 "http://jms.biosci.ru.ac.za/jobs/" "Mozilla/5.0 (X11; Linux x86_64) AppleWebKit/537.36 (KHTML, like Gecko) Ubuntu Chromium/39.0.2171.65 Chrome/39.0.2171.65 Safari/537.36"
146.231.86.250 - - [14/Dec/2014:17:44:46 +0200] "GET /api/jms/jobs HTTP/1.1" 200 22029 "http://jms.biosci.ru.ac.za/jobs/" "Mozilla/5.0 (X11; Linux x86_64) AppleWebKit/537.36 (KHTML, like Gecko) Ubuntu Chromium/39.0.2171.65 Chrome/39.0.2171.65 Safari/537.36"
146.231.86.250 - - [14/Dec/2014:17:45:16 +0200] "GET /api/jms/jobs HTTP/1.1" 200 22030 "http://jms.biosci.ru.ac.za/jobs/" "Mozilla/5.0 (X11; Linux x86_64) AppleWebKit/537.36 (KHTML, like Gecko) Ubuntu Chromium/39.0.2171.65 Chrome/39.0.2171.65 Safari/537.36"
146.231.86.250 - - [14/Dec/2014:17:45:46 +0200] "GET /api/jms/jobs HTTP/1.1" 200 22030 "http://jms.biosci.ru.ac.za/jobs/" "Mozilla/5.0 (X11; Linux x86_64) AppleWebKit/537.36 (KHTML, like Gecko) Ubuntu Chromium/39.0.2171.65 Chrome/39.0.2171.65 Safari/537.36"
146.231.86.250 - - [14/Dec/2014:17:46:16 +0200] "GET /api/jms/jobs HTTP/1.1" 200 22030 "http://jms.biosci.ru.ac.za/jobs/" "Mozilla/5.0 (X11; Linux x86_64) AppleWebKit/537.36 (KHTML, like Gecko) Ubuntu Chromium/39.0.2171.65 Chrome/39.0.2171.65 Safari/537.36"
146.231.86.250 - - [14/Dec/2014:17:46:46 +0200] "GET /api/jms/jobs HTTP/1.1" 200 22030 "http://jms.biosci.ru.ac.za/jobs/" "Mozilla/5.0 (X11; Linux x86_64) AppleWebKit/537.36 (KHTML, like Gecko) Ubuntu Chromium/39.0.2171.65 Chrome/39.0.2171.65 Safari/537.36"
146.231.86.250 - - [14/Dec/2014:17:47:16 +0200] "GET /api/jms/jobs HTTP/1.1" 200 22030 "http://jms.biosci.ru.ac.za/jobs/" "Mozilla/5.0 (X11; Linux x86_64) AppleWebKit/537.36 (KHTML, like Gecko) Ubuntu Chromium/39.0.2171.65 Chrome/39.0.2171.65 Safari/537.36"
146.231.86.250 - - [14/Dec/2014:17:47:46 +0200] "GET /api/jms/jobs HTTP/1.1" 200 22030 "http://jms.biosci.ru.ac.za/jobs/" "Mozilla/5.0 (X11; Linux x86_64) AppleWebKit/537.36 (KHTML, like Gecko) Ubuntu Chromium/39.0.2171.65 Chrome/39.0.2171.65 Safari/537.36"
146.231.86.250 - - [14/Dec/2014:17:48:16 +0200] "GET /api/jms/jobs HTTP/1.1" 200 22030 "http://jms.biosci.ru.ac.za/jobs/" "Mozilla/5.0 (X11; Linux x86_64) AppleWebKit/537.36 (KHTML, like Gecko) Ubuntu Chromium/39.0.2171.65 Chrome/39.0.2171.65 Safari/537.36"
146.231.86.250 - - [14/Dec/2014:17:48:46 +0200] "GET /api/jms/jobs HTTP/1.1" 200 22030 "http://jms.biosci.ru.ac.za/jobs/" "Mozilla/5.0 (X11; Linux x86_64) AppleWebKit/537.36 (KHTML, like Gecko) Ubuntu Chromium/39.0.2171.65 Chrome/39.0.2171.65 Safari/537.36"
146.231.86.250 - - [14/Dec/2014:17:49:16 +0200] "GET /api/jms/jobs HTTP/1.1" 200 22030 "http://jms.biosci.ru.ac.za/jobs/" "Mozilla/5.0 (X11; Linux x86_64) AppleWebKit/537.36 (KHTML, like Gecko) Ubuntu Chromium/39.0.2171.65 Chrome/39.0.2171.65 Safari/537.36"
146.231.86.250 - - [14/Dec/2014:17:49:46 +0200] "GET /api/jms/jobs HTTP/1.1" 200 22030 "http://jms.biosci.ru.ac.za/jobs/" "Mozilla/5.0 (X11; Linux x86_64) AppleWebKit/537.36 (KHTML, like Gecko) Ubuntu Chromium/39.0.2171.65 Chrome/39.0.2171.65 Safari/537.36"
146.231.86.250 - - [14/Dec/2014:17:50:16 +0200] "GET /api/jms/jobs HTTP/1.1" 200 22030 "http://jms.biosci.ru.ac.za/jobs/" "Mozilla/5.0 (X11; Linux x86_64) AppleWebKit/537.36 (KHTML, like Gecko) Ubuntu Chromium/39.0.2171.65 Chrome/39.0.2171.65 Safari/537.36"
146.231.86.250 - - [14/Dec/2014:17:50:46 +0200] "GET /api/jms/jobs HTTP/1.1" 200 22030 "http://jms.biosci.ru.ac.za/jobs/" "Mozilla/5.0 (X11; Linux x86_64) AppleWebKit/537.36 (KHTML, like Gecko) Ubuntu Chromium/39.0.2171.65 Chrome/39.0.2171.65 Safari/537.36"
146.231.86.250 - - [14/Dec/2014:17:51:16 +0200] "GET /api/jms/jobs HTTP/1.1" 200 22030 "http://jms.biosci.ru.ac.za/jobs/" "Mozilla/5.0 (X11; Linux x86_64) AppleWebKit/537.36 (KHTML, like Gecko) Ubuntu Chromium/39.0.2171.65 Chrome/39.0.2171.65 Safari/537.36"
146.231.86.250 - - [14/Dec/2014:17:51:46 +0200] "GET /api/jms/jobs HTTP/1.1" 200 22030 "http://jms.biosci.ru.ac.za/jobs/" "Mozilla/5.0 (X11; Linux x86_64) AppleWebKit/537.36 (KHTML, like Gecko) Ubuntu Chromium/39.0.2171.65 Chrome/39.0.2171.65 Safari/537.36"
146.231.86.250 - - [14/Dec/2014:17:52:16 +0200] "GET /api/jms/jobs HTTP/1.1" 200 22030 "http://jms.biosci.ru.ac.za/jobs/" "Mozilla/5.0 (X11; Linux x86_64) AppleWebKit/537.36 (KHTML, like Gecko) Ubuntu Chromium/39.0.2171.65 Chrome/39.0.2171.65 Safari/537.36"
146.231.86.250 - - [14/Dec/2014:17:52:46 +0200] "GET /api/jms/jobs HTTP/1.1" 200 22030 "http://jms.biosci.ru.ac.za/jobs/" "Mozilla/5.0 (X11; Linux x86_64) AppleWebKit/537.36 (KHTML, like Gecko) Ubuntu Chromium/39.0.2171.65 Chrome/39.0.2171.65 Safari/537.36"
146.231.86.250 - - [14/Dec/2014:17:53:16 +0200] "GET /api/jms/jobs HTTP/1.1" 200 22030 "http://jms.biosci.ru.ac.za/jobs/" "Mozilla/5.0 (X11; Linux x86_64) AppleWebKit/537.36 (KHTML, like Gecko) Ubuntu Chromium/39.0.2171.65 Chrome/39.0.2171.65 Safari/537.36"
146.231.86.250 - - [14/Dec/2014:17:53:34 +0200] "GET /jobs/ HTTP/1.1" 200 5239 "http://jms.biosci.ru.ac.za/jobs/" "Mozilla/5.0 (X11; Linux x86_64) AppleWebKit/537.36 (KHTML, like Gecko) Ubuntu Chromium/39.0.2171.65 Chrome/39.0.2171.65 Safari/537.36"
146.231.86.250 - - [14/Dec/2014:17:53:34 +0200] "GET /assets/lib/bootstrap/binary/css/font-awesome.css HTTP/1.1" 304 212 "http://jms.biosci.ru.ac.za/jobs/" "Mozilla/5.0 (X11; Linux x86_64) AppleWebKit/537.36 (KHTML, like Gecko) Ubuntu Chromium/39.0.2171.65 Chrome/39.0.2171.65 Safari/537.36"
146.231.86.250 - - [14/Dec/2014:17:53:34 +0200] "GET /assets/lib/bootstrap/binary/css/bootstrap.css HTTP/1.1" 304 214 "http://jms.biosci.ru.ac.za/jobs/" "Mozilla/5.0 (X11; Linux x86_64) AppleWebKit/537.36 (KHTML, like Gecko) Ubuntu Chromium/39.0.2171.65 Chrome/39.0.2171.65 Safari/537.36"
146.231.86.250 - - [14/Dec/2014:17:53:34 +0200] "GET /assets//lib/elfinder-2.0-rc1/css/elfinder.min.css HTTP/1.1" 304 213 "http://jms.biosci.ru.ac.za/jobs/" "Mozilla/5.0 (X11; Linux x86_64) AppleWebKit/537.36 (KHTML, like Gecko) Ubuntu Chromium/39.0.2171.65 Chrome/39.0.2171.65 Safari/537.36"
146.231.86.250 - - [14/Dec/2014:17:53:34 +0200] "GET /assets/lib/jquery-ui-1.11.2.jms/jquery-ui.min.css HTTP/1.1" 304 212 "http://jms.biosci.ru.ac.za/jobs/" "Mozilla/5.0 (X11; Linux x86_64) AppleWebKit/537.36 (KHTML, like Gecko) Ubuntu Chromium/39.0.2171.65 Chrome/39.0.2171.65 Safari/537.36"
146.231.86.250 - - [14/Dec/2014:17:53:34 +0200] "GET /assets/lib/bootstrap/binary/css/custom.css HTTP/1.1" 304 212 "http://jms.biosci.ru.ac.za/jobs/" "Mozilla/5.0 (X11; Linux x86_64) AppleWebKit/537.36 (KHTML, like Gecko) Ubuntu Chromium/39.0.2171.65 Chrome/39.0.2171.65 Safari/537.36"
146.231.86.250 - - [14/Dec/2014:17:53:34 +0200] "GET /assets/lib/bootstrap/binary/css/stavatech.css HTTP/1.1" 304 211 "http://jms.biosci.ru.ac.za/jobs/" "Mozilla/5.0 (X11; Linux x86_64) AppleWebKit/537.36 (KHTML, like Gecko) Ubuntu Chromium/39.0.2171.65 Chrome/39.0.2171.65 Safari/537.36"
146.231.86.250 - - [14/Dec/2014:17:53:34 +0200] "GET /assets/lib/jquery-1.10.2.js HTTP/1.1" 304 214 "http://jms.biosci.ru.ac.za/jobs/" "Mozilla/5.0 (X11; Linux x86_64) AppleWebKit/537.36 (KHTML, like Gecko) Ubuntu Chromium/39.0.2171.65 Chrome/39.0.2171.65 Safari/537.36"
146.231.86.250 - - [14/Dec/2014:17:53:34 +0200] "GET /assets/lib/bootstrap/binary/js/bootstrap.min.js HTTP/1.1" 304 212 "http://jms.biosci.ru.ac.za/jobs/" "Mozilla/5.0 (X11; Linux x86_64) AppleWebKit/537.36 (KHTML, like Gecko) Ubuntu Chromium/39.0.2171.65 Chrome/39.0.2171.65 Safari/537.36"
146.231.86.250 - - [14/Dec/2014:17:53:34 +0200] "GET /assets/lib/jquery-migrate.min.js HTTP/1.1" 304 213 "http://jms.biosci.ru.ac.za/jobs/" "Mozilla/5.0 (X11; Linux x86_64) AppleWebKit/537.36 (KHTML, like Gecko) Ubuntu Chromium/39.0.2171.65 Chrome/39.0.2171.65 Safari/537.36"
146.231.86.250 - - [14/Dec/2014:17:53:34 +0200] "GET /assets/lib/jquery-ui-1.11.2.jms/jquery-ui.js HTTP/1.1" 304 214 "http://jms.biosci.ru.ac.za/jobs/" "Mozilla/5.0 (X11; Linux x86_64) AppleWebKit/537.36 (KHTML, like Gecko) Ubuntu Chromium/39.0.2171.65 Chrome/39.0.2171.65 Safari/537.36"
146.231.86.250 - - [14/Dec/2014:17:53:34 +0200] "GET /assets/lib/bootstrap/binary/js/jquery.metisMenu.js HTTP/1.1" 304 211 "http://jms.biosci.ru.ac.za/jobs/" "Mozilla/5.0 (X11; Linux x86_64) AppleWebKit/537.36 (KHTML, like Gecko) Ubuntu Chromium/39.0.2171.65 Chrome/39.0.2171.65 Safari/537.36"
146.231.86.250 - - [14/Dec/2014:17:53:34 +0200] "GET /assets/lib/knockout-3.0.0.js HTTP/1.1" 304 212 "http://jms.biosci.ru.ac.za/jobs/" "Mozilla/5.0 (X11; Linux x86_64) AppleWebKit/537.36 (KHTML, like Gecko) Ubuntu Chromium/39.0.2171.65 Chrome/39.0.2171.65 Safari/537.36"
146.231.86.250 - - [14/Dec/2014:17:53:34 +0200] "GET /assets/lib/slimscroll/jQuery-slimScroll-1.3.0/jquery.slimscroll.min.js HTTP/1.1" 304 212 "http://jms.biosci.ru.ac.za/jobs/" "Mozilla/5.0 (X11; Linux x86_64) AppleWebKit/537.36 (KHTML, like Gecko) Ubuntu Chromium/39.0.2171.65 Chrome/39.0.2171.65 Safari/537.36"
146.231.86.250 - - [14/Dec/2014:17:53:34 +0200] "GET /assets/lib/sammy.js HTTP/1.1" 304 213 "http://jms.biosci.ru.ac.za/jobs/" "Mozilla/5.0 (X11; Linux x86_64) AppleWebKit/537.36 (KHTML, like Gecko) Ubuntu Chromium/39.0.2171.65 Chrome/39.0.2171.65 Safari/537.36"
146.231.86.250 - - [14/Dec/2014:17:53:34 +0200] "GET /assets/lib/elfinder-2.0-rc1/js/elfinder.min.js HTTP/1.1" 304 213 "http://jms.biosci.ru.ac.za/jobs/" "Mozilla/5.0 (X11; Linux x86_64) AppleWebKit/537.36 (KHTML, like Gecko) Ubuntu Chromium/39.0.2171.65 Chrome/39.0.2171.65 Safari/537.36"
146.231.86.250 - - [14/Dec/2014:17:53:34 +0200] "GET /assets/lib/custom/JMS/custom.js HTTP/1.1" 304 212 "http://jms.biosci.ru.ac.za/jobs/" "Mozilla/5.0 (X11; Linux x86_64) AppleWebKit/537.36 (KHTML, like Gecko) Ubuntu Chromium/39.0.2171.65 Chrome/39.0.2171.65 Safari/537.36"
146.231.86.250 - - [14/Dec/2014:17:53:34 +0200] "GET /assets/lib/custom/question.js HTTP/1.1" 304 211 "http://jms.biosci.ru.ac.za/jobs/" "Mozilla/5.0 (X11; Linux x86_64) AppleWebKit/537.36 (KHTML, like Gecko) Ubuntu Chromium/39.0.2171.65 Chrome/39.0.2171.65 Safari/537.36"
146.231.86.250 - - [14/Dec/2014:17:53:34 +0200] "GET /assets/lib/bootstrap/binary/img/offline_user.png HTTP/1.1" 304 189 "http://jms.biosci.ru.ac.za/jobs/" "Mozilla/5.0 (X11; Linux x86_64) AppleWebKit/537.36 (KHTML, like Gecko) Ubuntu Chromium/39.0.2171.65 Chrome/39.0.2171.65 Safari/537.36"
146.231.86.250 - - [14/Dec/2014:17:53:34 +0200] "GET /assets/lib/custom/JMS/jobs.js HTTP/1.1" 200 5025 "http://jms.biosci.ru.ac.za/jobs/" "Mozilla/5.0 (X11; Linux x86_64) AppleWebKit/537.36 (KHTML, like Gecko) Ubuntu Chromium/39.0.2171.65 Chrome/39.0.2171.65 Safari/537.36"
146.231.86.250 - - [14/Dec/2014:17:53:34 +0200] "GET /assets/img/big_red_loader.gif HTTP/1.1" 304 189 "http://jms.biosci.ru.ac.za/jobs/" "Mozilla/5.0 (X11; Linux x86_64) AppleWebKit/537.36 (KHTML, like Gecko) Ubuntu Chromium/39.0.2171.65 Chrome/39.0.2171.65 Safari/537.36"
146.231.86.250 - - [14/Dec/2014:17:53:34 +0200] "GET /assets/img/text_loader.gif HTTP/1.1" 304 189 "http://jms.biosci.ru.ac.za/jobs/" "Mozilla/5.0 (X11; Linux x86_64) AppleWebKit/537.36 (KHTML, like Gecko) Ubuntu Chromium/39.0.2171.65 Chrome/39.0.2171.65 Safari/537.36"
146.231.86.250 - - [14/Dec/2014:17:53:34 +0200] "GET /assets/img/success.png HTTP/1.1" 304 189 "http://jms.biosci.ru.ac.za/jobs/" "Mozilla/5.0 (X11; Linux x86_64) AppleWebKit/537.36 (KHTML, like Gecko) Ubuntu Chromium/39.0.2171.65 Chrome/39.0.2171.65 Safari/537.36"
146.231.86.250 - - [14/Dec/2014:17:53:34 +0200] "GET /assets/img/text_success.gif HTTP/1.1" 304 189 "http://jms.biosci.ru.ac.za/jobs/" "Mozilla/5.0 (X11; Linux x86_64) AppleWebKit/537.36 (KHTML, like Gecko) Ubuntu Chromium/39.0.2171.65 Chrome/39.0.2171.65 Safari/537.36"
146.231.86.250 - - [14/Dec/2014:17:53:34 +0200] "GET /assets/img/error.png HTTP/1.1" 304 189 "http://jms.biosci.ru.ac.za/jobs/" "Mozilla/5.0 (X11; Linux x86_64) AppleWebKit/537.36 (KHTML, like Gecko) Ubuntu Chromium/39.0.2171.65 Chrome/39.0.2171.65 Safari/537.36"
146.231.86.250 - - [14/Dec/2014:17:53:34 +0200] "GET /assets/img/text_failed.gif HTTP/1.1" 304 189 "http://jms.biosci.ru.ac.za/jobs/" "Mozilla/5.0 (X11; Linux x86_64) AppleWebKit/537.36 (KHTML, like Gecko) Ubuntu Chromium/39.0.2171.65 Chrome/39.0.2171.65 Safari/537.36"
146.231.86.250 - - [14/Dec/2014:17:53:34 +0200] "GET /assets/img/tick.png HTTP/1.1" 304 189 "http://jms.biosci.ru.ac.za/jobs/" "Mozilla/5.0 (X11; Linux x86_64) AppleWebKit/537.36 (KHTML, like Gecko) Ubuntu Chromium/39.0.2171.65 Chrome/39.0.2171.65 Safari/537.36"
146.231.86.250 - - [14/Dec/2014:17:53:34 +0200] "GET /assets/img/fail.png HTTP/1.1" 304 188 "http://jms.biosci.ru.ac.za/jobs/" "Mozilla/5.0 (X11; Linux x86_64) AppleWebKit/537.36 (KHTML, like Gecko) Ubuntu Chromium/39.0.2171.65 Chrome/39.0.2171.65 Safari/537.36"
146.231.86.250 - - [14/Dec/2014:17:53:34 +0200] "GET /assets/img/refresh.png HTTP/1.1" 304 188 "http://jms.biosci.ru.ac.za/jobs/" "Mozilla/5.0 (X11; Linux x86_64) AppleWebKit/537.36 (KHTML, like Gecko) Ubuntu Chromium/39.0.2171.65 Chrome/39.0.2171.65 Safari/537.36"
146.231.86.250 - - [14/Dec/2014:17:53:34 +0200] "GET /assets/img/share.png HTTP/1.1" 304 189 "http://jms.biosci.ru.ac.za/jobs/" "Mozilla/5.0 (X11; Linux x86_64) AppleWebKit/537.36 (KHTML, like Gecko) Ubuntu Chromium/39.0.2171.65 Chrome/39.0.2171.65 Safari/537.36"
146.231.86.250 - - [14/Dec/2014:17:53:34 +0200] "GET /assets/img/stop.png HTTP/1.1" 304 189 "http://jms.biosci.ru.ac.za/jobs/" "Mozilla/5.0 (X11; Linux x86_64) AppleWebKit/537.36 (KHTML, like Gecko) Ubuntu Chromium/39.0.2171.65 Chrome/39.0.2171.65 Safari/537.36"
146.231.86.250 - - [14/Dec/2014:17:53:34 +0200] "GET /assets/img/delete.png HTTP/1.1" 304 188 "http://jms.biosci.ru.ac.za/jobs/" "Mozilla/5.0 (X11; Linux x86_64) AppleWebKit/537.36 (KHTML, like Gecko) Ubuntu Chromium/39.0.2171.65 Chrome/39.0.2171.65 Safari/537.36"
146.231.86.250 - - [14/Dec/2014:17:53:34 +0200] "GET /assets/img/question.png HTTP/1.1" 304 189 "http://jms.biosci.ru.ac.za/jobs/" "Mozilla/5.0 (X11; Linux x86_64) AppleWebKit/537.36 (KHTML, like Gecko) Ubuntu Chromium/39.0.2171.65 Chrome/39.0.2171.65 Safari/537.36"
146.231.86.250 - - [14/Dec/2014:17:53:34 +0200] "GET /api/jms/jobs HTTP/1.1" 200 22029 "http://jms.biosci.ru.ac.za/jobs/" "Mozilla/5.0 (X11; Linux x86_64) AppleWebKit/537.36 (KHTML, like Gecko) Ubuntu Chromium/39.0.2171.65 Chrome/39.0.2171.65 Safari/537.36"
146.231.86.250 - - [14/Dec/2014:17:53:37 +0200] "GET /api/jms/jobs HTTP/1.1" 200 22029 "http://jms.biosci.ru.ac.za/jobs/" "Mozilla/5.0 (X11; Linux x86_64) AppleWebKit/537.36 (KHTML, like Gecko) Ubuntu Chromium/39.0.2171.65 Chrome/39.0.2171.65 Safari/537.36"
146.231.86.250 - - [14/Dec/2014:17:53:37 +0200] "GET /api/jms/jobs/468 HTTP/1.1" 200 804 "http://jms.biosci.ru.ac.za/jobs/" "Mozilla/5.0 (X11; Linux x86_64) AppleWebKit/537.36 (KHTML, like Gecko) Ubuntu Chromium/39.0.2171.65 Chrome/39.0.2171.65 Safari/537.36"
146.231.130.12 - - [14/Dec/2014:17:53:37 +0200] "GET /assets/lib/elfinder-2.0-rc1/php/connector.php?path=/jabba/JMS/users/david/jobs/468&user=david&init=1&cmd=open&tree=1&target=l2_Lw&_=1418572405171 HTTP/1.1" 200 9387 "-" "python-requests/2.4.3 CPython/2.7.3 Linux/3.8.0-35-generic"
146.231.86.250 - - [14/Dec/2014:17:53:37 +0200] "GET /api/jms/filemanager/468/?cmd=open&target=l2_Lw&init=1&tree=1&_=1418572405171 HTTP/1.1" 200 10394 "http://jms.biosci.ru.ac.za/jobs/" "Mozilla/5.0 (X11; Linux x86_64) AppleWebKit/537.36 (KHTML, like Gecko) Ubuntu Chromium/39.0.2171.65 Chrome/39.0.2171.65 Safari/537.36"
146.231.86.250 - - [14/Dec/2014:17:53:46 +0200] "GET /api/jms/jobs/468 HTTP/1.1" 200 805 "http://jms.biosci.ru.ac.za/jobs/" "Mozilla/5.0 (X11; Linux x86_64) AppleWebKit/537.36 (KHTML, like Gecko) Ubuntu Chromium/39.0.2171.65 Chrome/39.0.2171.65 Safari/537.36"
146.231.130.12 - - [14/Dec/2014:17:53:46 +0200] "GET /assets/lib/elfinder-2.0-rc1/php/connector.php?path=/jabba/JMS/users/david/jobs/468&user=david&cmd=parents&target=l2_Lw&_=1418572405173 HTTP/1.1" 200 404 "-" "python-requests/2.4.3 CPython/2.7.3 Linux/3.8.0-35-generic"
146.231.86.250 - - [14/Dec/2014:17:53:46 +0200] "GET /api/jms/filemanager/468/?cmd=parents&target=l2_Lw&_=1418572405173 HTTP/1.1" 200 453 "http://jms.biosci.ru.ac.za/jobs/" "Mozilla/5.0 (X11; Linux x86_64) AppleWebKit/537.36 (KHTML, like Gecko) Ubuntu Chromium/39.0.2171.65 Chrome/39.0.2171.65 Safari/537.36"
146.231.130.12 - - [14/Dec/2014:17:53:46 +0200] "GET /assets/lib/elfinder-2.0-rc1/php/connector.php?path=/jabba/JMS/users/david/jobs/468&user=david&init=1&cmd=open&tree=1&target=l2_Lw&_=1418572405172 HTTP/1.1" 200 9387 "-" "python-requests/2.4.3 CPython/2.7.3 Linux/3.8.0-35-generic"
146.231.86.250 - - [14/Dec/2014:17:53:46 +0200] "GET /api/jms/filemanager/468/?cmd=open&init=1&target=l2_Lw&tree=1&_=1418572405172 HTTP/1.1" 200 10395 "http://jms.biosci.ru.ac.za/jobs/" "Mozilla/5.0 (X11; Linux x86_64) AppleWebKit/537.36 (KHTML, like Gecko) Ubuntu Chromium/39.0.2171.65 Chrome/39.0.2171.65 Safari/537.36"
146.231.86.250 - - [14/Dec/2014:17:53:46 +0200] "GET /api/jms/jobs HTTP/1.1" 200 22030 "http://jms.biosci.ru.ac.za/jobs/" "Mozilla/5.0 (X11; Linux x86_64) AppleWebKit/537.36 (KHTML, like Gecko) Ubuntu Chromium/39.0.2171.65 Chrome/39.0.2171.65 Safari/537.36"
146.231.86.250 - - [14/Dec/2014:17:53:46 +0200] "GET /api/jms/jobs/cluster/9545.torqueserver HTTP/1.1" 200 1854 "http://jms.biosci.ru.ac.za/jobs/" "Mozilla/5.0 (X11; Linux x86_64) AppleWebKit/537.36 (KHTML, like Gecko) Ubuntu Chromium/39.0.2171.65 Chrome/39.0.2171.65 Safari/537.36"
146.231.86.250 - - [14/Dec/2014:17:53:57 +0200] "GET /api/jms/jobs/472 HTTP/1.1" 200 805 "http://jms.biosci.ru.ac.za/jobs/" "Mozilla/5.0 (X11; Linux x86_64) AppleWebKit/537.36 (KHTML, like Gecko) Ubuntu Chromium/39.0.2171.65 Chrome/39.0.2171.65 Safari/537.36"
146.231.130.12 - - [14/Dec/2014:17:53:57 +0200] "GET /assets/lib/elfinder-2.0-rc1/php/connector.php?path=/jabba/JMS/users/david/jobs/472&user=david&cmd=parents&target=l2_Lw&_=1418572405175 HTTP/1.1" 200 404 "-" "python-requests/2.4.3 CPython/2.7.3 Linux/3.8.0-35-generic"
146.231.86.250 - - [14/Dec/2014:17:53:57 +0200] "GET /api/jms/filemanager/472/?cmd=parents&target=l2_Lw&_=1418572405175 HTTP/1.1" 200 453 "http://jms.biosci.ru.ac.za/jobs/" "Mozilla/5.0 (X11; Linux x86_64) AppleWebKit/537.36 (KHTML, like Gecko) Ubuntu Chromium/39.0.2171.65 Chrome/39.0.2171.65 Safari/537.36"
146.231.86.250 - - [14/Dec/2014:17:53:57 +0200] "GET /api/jms/jobs HTTP/1.1" 200 22030 "http://jms.biosci.ru.ac.za/jobs/" "Mozilla/5.0 (X11; Linux x86_64) AppleWebKit/537.36 (KHTML, like Gecko) Ubuntu Chromium/39.0.2171.65 Chrome/39.0.2171.65 Safari/537.36"
146.231.130.12 - - [14/Dec/2014:17:53:57 +0200] "GET /assets/lib/elfinder-2.0-rc1/php/connector.php?path=/jabba/JMS/users/david/jobs/472&user=david&init=1&cmd=open&tree=1&target=l2_Lw&_=1418572405174 HTTP/1.1" 200 9387 "-" "python-requests/2.4.3 CPython/2.7.3 Linux/3.8.0-35-generic"
146.231.86.250 - - [14/Dec/2014:17:53:57 +0200] "GET /api/jms/filemanager/472/?cmd=open&init=1&target=l2_Lw&tree=1&_=1418572405174 HTTP/1.1" 200 10395 "http://jms.biosci.ru.ac.za/jobs/" "Mozilla/5.0 (X11; Linux x86_64) AppleWebKit/537.36 (KHTML, like Gecko) Ubuntu Chromium/39.0.2171.65 Chrome/39.0.2171.65 Safari/537.36"
146.231.86.250 - - [14/Dec/2014:17:54:01 +0200] "GET /api/jms/jobs/471 HTTP/1.1" 200 804 "http://jms.biosci.ru.ac.za/jobs/" "Mozilla/5.0 (X11; Linux x86_64) AppleWebKit/537.36 (KHTML, like Gecko) Ubuntu Chromium/39.0.2171.65 Chrome/39.0.2171.65 Safari/537.36"
146.231.130.12 - - [14/Dec/2014:17:54:01 +0200] "GET /assets/lib/elfinder-2.0-rc1/php/connector.php?path=/jabba/JMS/users/david/jobs/471&user=david&cmd=parents&target=l2_Lw&_=1418572405177 HTTP/1.1" 200 404 "-" "python-requests/2.4.3 CPython/2.7.3 Linux/3.8.0-35-generic"
146.231.86.250 - - [14/Dec/2014:17:54:01 +0200] "GET /api/jms/filemanager/471/?cmd=parents&target=l2_Lw&_=1418572405177 HTTP/1.1" 200 452 "http://jms.biosci.ru.ac.za/jobs/" "Mozilla/5.0 (X11; Linux x86_64) AppleWebKit/537.36 (KHTML, like Gecko) Ubuntu Chromium/39.0.2171.65 Chrome/39.0.2171.65 Safari/537.36"
146.231.86.250 - - [14/Dec/2014:17:54:01 +0200] "GET /api/jms/jobs HTTP/1.1" 200 22029 "http://jms.biosci.ru.ac.za/jobs/" "Mozilla/5.0 (X11; Linux x86_64) AppleWebKit/537.36 (KHTML, like Gecko) Ubuntu Chromium/39.0.2171.65 Chrome/39.0.2171.65 Safari/537.36"
146.231.130.12 - - [14/Dec/2014:17:54:01 +0200] "GET /assets/lib/elfinder-2.0-rc1/php/connector.php?path=/jabba/JMS/users/david/jobs/471&user=david&init=1&cmd=open&tree=1&target=l2_Lw&_=1418572405176 HTTP/1.1" 200 9387 "-" "python-requests/2.4.3 CPython/2.7.3 Linux/3.8.0-35-generic"
146.231.86.250 - - [14/Dec/2014:17:54:01 +0200] "GET /api/jms/filemanager/471/?cmd=open&init=1&target=l2_Lw&tree=1&_=1418572405176 HTTP/1.1" 200 10394 "http://jms.biosci.ru.ac.za/jobs/" "Mozilla/5.0 (X11; Linux x86_64) AppleWebKit/537.36 (KHTML, like Gecko) Ubuntu Chromium/39.0.2171.65 Chrome/39.0.2171.65 Safari/537.36"
146.231.86.250 - - [14/Dec/2014:17:54:03 +0200] "GET /api/jms/jobs/470 HTTP/1.1" 200 804 "http://jms.biosci.ru.ac.za/jobs/" "Mozilla/5.0 (X11; Linux x86_64) AppleWebKit/537.36 (KHTML, like Gecko) Ubuntu Chromium/39.0.2171.65 Chrome/39.0.2171.65 Safari/537.36"
146.231.130.12 - - [14/Dec/2014:17:54:03 +0200] "GET /assets/lib/elfinder-2.0-rc1/php/connector.php?path=/jabba/JMS/users/david/jobs/470&user=david&cmd=parents&target=l2_Lw&_=1418572405179 HTTP/1.1" 200 404 "-" "python-requests/2.4.3 CPython/2.7.3 Linux/3.8.0-35-generic"
146.231.86.250 - - [14/Dec/2014:17:54:03 +0200] "GET /api/jms/filemanager/470/?cmd=parents&target=l2_Lw&_=1418572405179 HTTP/1.1" 200 452 "http://jms.biosci.ru.ac.za/jobs/" "Mozilla/5.0 (X11; Linux x86_64) AppleWebKit/537.36 (KHTML, like Gecko) Ubuntu Chromium/39.0.2171.65 Chrome/39.0.2171.65 Safari/537.36"
146.231.86.250 - - [14/Dec/2014:17:54:03 +0200] "GET /api/jms/jobs HTTP/1.1" 200 22029 "http://jms.biosci.ru.ac.za/jobs/" "Mozilla/5.0 (X11; Linux x86_64) AppleWebKit/537.36 (KHTML, like Gecko) Ubuntu Chromium/39.0.2171.65 Chrome/39.0.2171.65 Safari/537.36"
146.231.130.12 - - [14/Dec/2014:17:54:03 +0200] "GET /assets/lib/elfinder-2.0-rc1/php/connector.php?path=/jabba/JMS/users/david/jobs/470&user=david&init=1&cmd=open&tree=1&target=l2_Lw&_=1418572405178 HTTP/1.1" 200 9387 "-" "python-requests/2.4.3 CPython/2.7.3 Linux/3.8.0-35-generic"
146.231.86.250 - - [14/Dec/2014:17:54:03 +0200] "GET /api/jms/filemanager/470/?cmd=open&init=1&target=l2_Lw&tree=1&_=1418572405178 HTTP/1.1" 200 10394 "http://jms.biosci.ru.ac.za/jobs/" "Mozilla/5.0 (X11; Linux x86_64) AppleWebKit/537.36 (KHTML, like Gecko) Ubuntu Chromium/39.0.2171.65 Chrome/39.0.2171.65 Safari/537.36"
146.231.130.12 - - [14/Dec/2014:17:54:08 +0200] "GET /assets/lib/elfinder-2.0-rc1/php/connector.php?path=/jabba/JMS/users/david/jobs/470&user=david&cmd=parents&target=l2_Lw&_=1418572405181 HTTP/1.1" 200 404 "-" "python-requests/2.4.3 CPython/2.7.3 Linux/3.8.0-35-generic"
146.231.86.250 - - [14/Dec/2014:17:54:08 +0200] "GET /api/jms/filemanager/470/?cmd=parents&target=l2_Lw&_=1418572405181 HTTP/1.1" 200 452 "http://jms.biosci.ru.ac.za/jobs/" "Mozilla/5.0 (X11; Linux x86_64) AppleWebKit/537.36 (KHTML, like Gecko) Ubuntu Chromium/39.0.2171.65 Chrome/39.0.2171.65 Safari/537.36"
146.231.130.12 - - [14/Dec/2014:17:54:08 +0200] "GET /assets/lib/elfinder-2.0-rc1/php/connector.php?path=/jabba/JMS/users/david/jobs/470&user=david&init=1&cmd=open&tree=1&target=l2_Lw&_=1418572405180 HTTP/1.1" 200 9387 "-" "python-requests/2.4.3 CPython/2.7.3 Linux/3.8.0-35-generic"
146.231.86.250 - - [14/Dec/2014:17:54:08 +0200] "GET /api/jms/filemanager/470/?cmd=open&init=1&target=l2_Lw&tree=1&_=1418572405180 HTTP/1.1" 200 10394 "http://jms.biosci.ru.ac.za/jobs/" "Mozilla/5.0 (X11; Linux x86_64) AppleWebKit/537.36 (KHTML, like Gecko) Ubuntu Chromium/39.0.2171.65 Chrome/39.0.2171.65 Safari/537.36"
146.231.86.250 - - [14/Dec/2014:17:54:33 +0200] "GET /api/jms/jobs/470 HTTP/1.1" 200 805 "http://jms.biosci.ru.ac.za/jobs/" "Mozilla/5.0 (X11; Linux x86_64) AppleWebKit/537.36 (KHTML, like Gecko) Ubuntu Chromium/39.0.2171.65 Chrome/39.0.2171.65 Safari/537.36"
146.231.130.12 - - [14/Dec/2014:17:54:33 +0200] "GET /assets/lib/elfinder-2.0-rc1/php/connector.php?path=/jabba/JMS/users/david/jobs/470&user=david&cmd=parents&target=l2_Lw&_=1418572405183 HTTP/1.1" 200 404 "-" "python-requests/2.4.3 CPython/2.7.3 Linux/3.8.0-35-generic"
146.231.86.250 - - [14/Dec/2014:17:54:33 +0200] "GET /api/jms/filemanager/470/?cmd=parents&target=l2_Lw&_=1418572405183 HTTP/1.1" 200 453 "http://jms.biosci.ru.ac.za/jobs/" "Mozilla/5.0 (X11; Linux x86_64) AppleWebKit/537.36 (KHTML, like Gecko) Ubuntu Chromium/39.0.2171.65 Chrome/39.0.2171.65 Safari/537.36"
146.231.86.250 - - [14/Dec/2014:17:54:33 +0200] "GET /api/jms/jobs HTTP/1.1" 200 22030 "http://jms.biosci.ru.ac.za/jobs/" "Mozilla/5.0 (X11; Linux x86_64) AppleWebKit/537.36 (KHTML, like Gecko) Ubuntu Chromium/39.0.2171.65 Chrome/39.0.2171.65 Safari/537.36"
146.231.130.12 - - [14/Dec/2014:17:54:33 +0200] "GET /assets/lib/elfinder-2.0-rc1/php/connector.php?path=/jabba/JMS/users/david/jobs/470&user=david&init=1&cmd=open&tree=1&target=l2_Lw&_=1418572405182 HTTP/1.1" 200 9387 "-" "python-requests/2.4.3 CPython/2.7.3 Linux/3.8.0-35-generic"
146.231.86.250 - - [14/Dec/2014:17:54:33 +0200] "GET /api/jms/filemanager/470/?cmd=open&init=1&target=l2_Lw&tree=1&_=1418572405182 HTTP/1.1" 200 10395 "http://jms.biosci.ru.ac.za/jobs/" "Mozilla/5.0 (X11; Linux x86_64) AppleWebKit/537.36 (KHTML, like Gecko) Ubuntu Chromium/39.0.2171.65 Chrome/39.0.2171.65 Safari/537.36"
146.231.130.12 - - [14/Dec/2014:17:54:38 +0200] "GET /assets/lib/elfinder-2.0-rc1/php/connector.php?path=/jabba/JMS/users/david/jobs/470&user=david&cmd=parents&target=l2_Lw&_=1418572405185 HTTP/1.1" 200 404 "-" "python-requests/2.4.3 CPython/2.7.3 Linux/3.8.0-35-generic"
146.231.86.250 - - [14/Dec/2014:17:54:38 +0200] "GET /api/jms/filemanager/470/?cmd=parents&target=l2_Lw&_=1418572405185 HTTP/1.1" 200 452 "http://jms.biosci.ru.ac.za/jobs/" "Mozilla/5.0 (X11; Linux x86_64) AppleWebKit/537.36 (KHTML, like Gecko) Ubuntu Chromium/39.0.2171.65 Chrome/39.0.2171.65 Safari/537.36"
146.231.130.12 - - [14/Dec/2014:17:54:38 +0200] "GET /assets/lib/elfinder-2.0-rc1/php/connector.php?path=/jabba/JMS/users/david/jobs/470&user=david&init=1&cmd=open&tree=1&target=l2_Lw&_=1418572405184 HTTP/1.1" 200 9387 "-" "python-requests/2.4.3 CPython/2.7.3 Linux/3.8.0-35-generic"
146.231.86.250 - - [14/Dec/2014:17:54:38 +0200] "GET /api/jms/filemanager/470/?cmd=open&init=1&target=l2_Lw&tree=1&_=1418572405184 HTTP/1.1" 200 10394 "http://jms.biosci.ru.ac.za/jobs/" "Mozilla/5.0 (X11; Linux x86_64) AppleWebKit/537.36 (KHTML, like Gecko) Ubuntu Chromium/39.0.2171.65 Chrome/39.0.2171.65 Safari/537.36"
146.231.86.250 - - [14/Dec/2014:17:54:41 +0200] "DELETE /api/jms/jobs/470 HTTP/1.1" 200 222 "http://jms.biosci.ru.ac.za/jobs/" "Mozilla/5.0 (X11; Linux x86_64) AppleWebKit/537.36 (KHTML, like Gecko) Ubuntu Chromium/39.0.2171.65 Chrome/39.0.2171.65 Safari/537.36"
146.231.86.250 - - [14/Dec/2014:17:54:44 +0200] "GET /api/jms/jobs/472 HTTP/1.1" 200 805 "http://jms.biosci.ru.ac.za/jobs/" "Mozilla/5.0 (X11; Linux x86_64) AppleWebKit/537.36 (KHTML, like Gecko) Ubuntu Chromium/39.0.2171.65 Chrome/39.0.2171.65 Safari/537.36"
146.231.130.12 - - [14/Dec/2014:17:54:44 +0200] "GET /assets/lib/elfinder-2.0-rc1/php/connector.php?path=/jabba/JMS/users/david/jobs/472&user=david&cmd=parents&target=l2_Lw&_=1418572405187 HTTP/1.1" 200 404 "-" "python-requests/2.4.3 CPython/2.7.3 Linux/3.8.0-35-generic"
146.231.86.250 - - [14/Dec/2014:17:54:44 +0200] "GET /api/jms/filemanager/472/?cmd=parents&target=l2_Lw&_=1418572405187 HTTP/1.1" 200 453 "http://jms.biosci.ru.ac.za/jobs/" "Mozilla/5.0 (X11; Linux x86_64) AppleWebKit/537.36 (KHTML, like Gecko) Ubuntu Chromium/39.0.2171.65 Chrome/39.0.2171.65 Safari/537.36"
146.231.86.250 - - [14/Dec/2014:17:54:44 +0200] "GET /api/jms/jobs HTTP/1.1" 200 21772 "http://jms.biosci.ru.ac.za/jobs/" "Mozilla/5.0 (X11; Linux x86_64) AppleWebKit/537.36 (KHTML, like Gecko) Ubuntu Chromium/39.0.2171.65 Chrome/39.0.2171.65 Safari/537.36"
146.231.130.12 - - [14/Dec/2014:17:54:44 +0200] "GET /assets/lib/elfinder-2.0-rc1/php/connector.php?path=/jabba/JMS/users/david/jobs/472&user=david&init=1&cmd=open&tree=1&target=l2_Lw&_=1418572405186 HTTP/1.1" 200 9387 "-" "python-requests/2.4.3 CPython/2.7.3 Linux/3.8.0-35-generic"
146.231.86.250 - - [14/Dec/2014:17:54:44 +0200] "GET /api/jms/filemanager/472/?cmd=open&init=1&target=l2_Lw&tree=1&_=1418572405186 HTTP/1.1" 200 10395 "http://jms.biosci.ru.ac.za/jobs/" "Mozilla/5.0 (X11; Linux x86_64) AppleWebKit/537.36 (KHTML, like Gecko) Ubuntu Chromium/39.0.2171.65 Chrome/39.0.2171.65 Safari/537.36"
146.231.86.250 - - [14/Dec/2014:17:55:00 +0200] "GET / HTTP/1.1" 200 3898 "http://jms.biosci.ru.ac.za/jobs/" "Mozilla/5.0 (X11; Linux x86_64) AppleWebKit/537.36 (KHTML, like Gecko) Ubuntu Chromium/39.0.2171.65 Chrome/39.0.2171.65 Safari/537.36"
146.231.86.250 - - [14/Dec/2014:17:55:00 +0200] "GET /api/jms/dashboard HTTP/1.1" 200 12362 "http://jms.biosci.ru.ac.za/" "Mozilla/5.0 (X11; Linux x86_64) AppleWebKit/537.36 (KHTML, like Gecko) Ubuntu Chromium/39.0.2171.65 Chrome/39.0.2171.65 Safari/537.36"
146.231.86.250 - - [14/Dec/2014:17:55:10 +0200] "GET /api/jms/dashboard HTTP/1.1" 200 12363 "http://jms.biosci.ru.ac.za/" "Mozilla/5.0 (X11; Linux x86_64) AppleWebKit/537.36 (KHTML, like Gecko) Ubuntu Chromium/39.0.2171.65 Chrome/39.0.2171.65 Safari/537.36"
146.231.86.250 - - [14/Dec/2014:17:55:20 +0200] "GET /api/jms/dashboard HTTP/1.1" 200 12363 "http://jms.biosci.ru.ac.za/" "Mozilla/5.0 (X11; Linux x86_64) AppleWebKit/537.36 (KHTML, like Gecko) Ubuntu Chromium/39.0.2171.65 Chrome/39.0.2171.65 Safari/537.36"
146.231.86.250 - - [14/Dec/2014:17:55:30 +0200] "GET /api/jms/dashboard HTTP/1.1" 200 12363 "http://jms.biosci.ru.ac.za/" "Mozilla/5.0 (X11; Linux x86_64) AppleWebKit/537.36 (KHTML, like Gecko) Ubuntu Chromium/39.0.2171.65 Chrome/39.0.2171.65 Safari/537.36"
146.231.86.250 - - [14/Dec/2014:17:55:40 +0200] "GET /api/jms/dashboard HTTP/1.1" 200 12363 "http://jms.biosci.ru.ac.za/" "Mozilla/5.0 (X11; Linux x86_64) AppleWebKit/537.36 (KHTML, like Gecko) Ubuntu Chromium/39.0.2171.65 Chrome/39.0.2171.65 Safari/537.36"
146.231.86.250 - - [14/Dec/2014:17:55:50 +0200] "GET /api/jms/dashboard HTTP/1.1" 200 12363 "http://jms.biosci.ru.ac.za/" "Mozilla/5.0 (X11; Linux x86_64) AppleWebKit/537.36 (KHTML, like Gecko) Ubuntu Chromium/39.0.2171.65 Chrome/39.0.2171.65 Safari/537.36"
146.231.86.250 - - [14/Dec/2014:17:56:00 +0200] "GET /api/jms/dashboard HTTP/1.1" 200 12363 "http://jms.biosci.ru.ac.za/" "Mozilla/5.0 (X11; Linux x86_64) AppleWebKit/537.36 (KHTML, like Gecko) Ubuntu Chromium/39.0.2171.65 Chrome/39.0.2171.65 Safari/537.36"
146.231.86.250 - - [14/Dec/2014:17:56:10 +0200] "GET /api/jms/dashboard HTTP/1.1" 200 12363 "http://jms.biosci.ru.ac.za/" "Mozilla/5.0 (X11; Linux x86_64) AppleWebKit/537.36 (KHTML, like Gecko) Ubuntu Chromium/39.0.2171.65 Chrome/39.0.2171.65 Safari/537.36"
146.231.86.250 - - [14/Dec/2014:17:56:20 +0200] "GET /api/jms/dashboard HTTP/1.1" 200 12363 "http://jms.biosci.ru.ac.za/" "Mozilla/5.0 (X11; Linux x86_64) AppleWebKit/537.36 (KHTML, like Gecko) Ubuntu Chromium/39.0.2171.65 Chrome/39.0.2171.65 Safari/537.36"
146.231.86.250 - - [14/Dec/2014:17:56:30 +0200] "GET /api/jms/dashboard HTTP/1.1" 200 12363 "http://jms.biosci.ru.ac.za/" "Mozilla/5.0 (X11; Linux x86_64) AppleWebKit/537.36 (KHTML, like Gecko) Ubuntu Chromium/39.0.2171.65 Chrome/39.0.2171.65 Safari/537.36"
146.231.86.250 - - [14/Dec/2014:17:56:40 +0200] "GET /api/jms/dashboard HTTP/1.1" 200 12363 "http://jms.biosci.ru.ac.za/" "Mozilla/5.0 (X11; Linux x86_64) AppleWebKit/537.36 (KHTML, like Gecko) Ubuntu Chromium/39.0.2171.65 Chrome/39.0.2171.65 Safari/537.36"
