146.231.74.218 - - [11/Dec/2014:17:58:17 +0200] "GET /api/jms/jobs HTTP/1.1" 200 263 "http://jms.biosci.ru.ac.za/jobs/" "Mozilla/5.0 (X11; Linux x86_64) AppleWebKit/537.36 (KHTML, like Gecko) Chrome/38.0.2125.122 Safari/537.36"
146.231.130.12 - - [11/Dec/2014:17:58:18 +0200] "GET /assets/lib/elfinder-2.0-rc1/php/connector.php?path=_&user=lester&cmd=parents&target=l2_Lw&_=1418291025482 HTTP/1.1" 200 398 "-" "python-requests/2.4.3 CPython/2.7.3 Linux/3.8.0-35-generic"
146.231.74.218 - - [11/Dec/2014:17:58:17 +0200] "GET /api/jms/filemanager/cluster/?cmd=parents&target=l2_Lw&_=1418291025482 HTTP/1.1" 200 445 "http://jms.biosci.ru.ac.za/jobs/" "Mozilla/5.0 (X11; Linux x86_64) AppleWebKit/537.36 (KHTML, like Gecko) Chrome/38.0.2125.122 Safari/537.36"
146.231.130.12 - - [11/Dec/2014:17:58:18 +0200] "GET /assets/lib/elfinder-2.0-rc1/php/connector.php?path=_&user=lester&init=1&cmd=open&tree=1&target=l2_Lw&_=1418291025481 HTTP/1.1" 200 826 "-" "python-requests/2.4.3 CPython/2.7.3 Linux/3.8.0-35-generic"
146.231.74.218 - - [11/Dec/2014:17:58:17 +0200] "GET /api/jms/filemanager/cluster/?cmd=open&init=1&target=l2_Lw&tree=1&_=1418291025481 HTTP/1.1" 200 913 "http://jms.biosci.ru.ac.za/jobs/" "Mozilla/5.0 (X11; Linux x86_64) AppleWebKit/537.36 (KHTML, like Gecko) Chrome/38.0.2125.122 Safari/537.36"
146.231.130.12 - - [11/Dec/2014:17:58:19 +0200] "GET /assets/lib/elfinder-2.0-rc1/php/connector.php?path=_&user=lester&init=1&cmd=open&tree=1&target=l2_Lw&_=1418291025479 HTTP/1.1" 200 826 "-" "python-requests/2.4.3 CPython/2.7.3 Linux/3.8.0-35-generic"
146.231.74.218 - - [11/Dec/2014:17:58:17 +0200] "GET /api/jms/filemanager/cluster/?cmd=open&init=1&target=l2_Lw&tree=1&_=1418291025479 HTTP/1.1" 200 913 "http://jms.biosci.ru.ac.za/jobs/" "Mozilla/5.0 (X11; Linux x86_64) AppleWebKit/537.36 (KHTML, like Gecko) Chrome/38.0.2125.122 Safari/537.36"
146.231.130.12 - - [11/Dec/2014:17:58:19 +0200] "GET /assets/lib/elfinder-2.0-rc1/php/connector.php?path=_&user=lester&cmd=parents&target=l2_Lw&_=1418291025480 HTTP/1.1" 200 398 "-" "python-requests/2.4.3 CPython/2.7.3 Linux/3.8.0-35-generic"
146.231.74.218 - - [11/Dec/2014:17:58:17 +0200] "GET /api/jms/filemanager/cluster/?cmd=parents&target=l2_Lw&_=1418291025480 HTTP/1.1" 200 445 "http://jms.biosci.ru.ac.za/jobs/" "Mozilla/5.0 (X11; Linux x86_64) AppleWebKit/537.36 (KHTML, like Gecko) Chrome/38.0.2125.122 Safari/537.36"
146.231.86.250 - - [11/Dec/2014:17:58:19 +0200] "GET /api/jms/jobs HTTP/1.1" 200 20348 "http://jms.biosci.ru.ac.za/jobs/" "Mozilla/5.0 (X11; Ubuntu; Linux x86_64; rv:33.0) Gecko/20100101 Firefox/33.0"
146.231.86.250 - - [11/Dec/2014:17:58:19 +0200] "GET /workflows HTTP/1.1" 200 8652 "http://jms.biosci.ru.ac.za/workflows" "Mozilla/5.0 (X11; Linux x86_64) AppleWebKit/537.36 (KHTML, like Gecko) Ubuntu Chromium/39.0.2171.65 Chrome/39.0.2171.65 Safari/537.36"
146.231.86.250 - - [11/Dec/2014:17:58:19 +0200] "GET /assets/lib/bootstrap/binary/css/bootstrap.css HTTP/1.1" 304 213 "http://jms.biosci.ru.ac.za/workflows" "Mozilla/5.0 (X11; Linux x86_64) AppleWebKit/537.36 (KHTML, like Gecko) Ubuntu Chromium/39.0.2171.65 Chrome/39.0.2171.65 Safari/537.36"
146.231.86.250 - - [11/Dec/2014:17:58:19 +0200] "GET /assets/lib/jquery-ui-1.11.2.jms/jquery-ui.js HTTP/1.1" 304 213 "http://jms.biosci.ru.ac.za/workflows" "Mozilla/5.0 (X11; Linux x86_64) AppleWebKit/537.36 (KHTML, like Gecko) Ubuntu Chromium/39.0.2171.65 Chrome/39.0.2171.65 Safari/537.36"
146.231.86.250 - - [11/Dec/2014:17:58:19 +0200] "GET /assets/lib/bootstrap/binary/js/bootstrap.min.js HTTP/1.1" 304 212 "http://jms.biosci.ru.ac.za/workflows" "Mozilla/5.0 (X11; Linux x86_64) AppleWebKit/537.36 (KHTML, like Gecko) Ubuntu Chromium/39.0.2171.65 Chrome/39.0.2171.65 Safari/537.36"
146.231.86.250 - - [11/Dec/2014:17:58:19 +0200] "GET /assets/lib/bootstrap/binary/js/jquery.metisMenu.js HTTP/1.1" 304 211 "http://jms.biosci.ru.ac.za/workflows" "Mozilla/5.0 (X11; Linux x86_64) AppleWebKit/537.36 (KHTML, like Gecko) Ubuntu Chromium/39.0.2171.65 Chrome/39.0.2171.65 Safari/537.36"
146.231.86.250 - - [11/Dec/2014:17:58:19 +0200] "GET /assets/lib/knockout-3.0.0.js HTTP/1.1" 304 212 "http://jms.biosci.ru.ac.za/workflows" "Mozilla/5.0 (X11; Linux x86_64) AppleWebKit/537.36 (KHTML, like Gecko) Ubuntu Chromium/39.0.2171.65 Chrome/39.0.2171.65 Safari/537.36"
146.231.86.250 - - [11/Dec/2014:17:58:19 +0200] "GET /assets/lib/custom/JMS/custom.js HTTP/1.1" 304 212 "http://jms.biosci.ru.ac.za/workflows" "Mozilla/5.0 (X11; Linux x86_64) AppleWebKit/537.36 (KHTML, like Gecko) Ubuntu Chromium/39.0.2171.65 Chrome/39.0.2171.65 Safari/537.36"
146.231.86.250 - - [11/Dec/2014:17:58:19 +0200] "GET /assets/lib/custom/question.js HTTP/1.1" 304 211 "http://jms.biosci.ru.ac.za/workflows" "Mozilla/5.0 (X11; Linux x86_64) AppleWebKit/537.36 (KHTML, like Gecko) Ubuntu Chromium/39.0.2171.65 Chrome/39.0.2171.65 Safari/537.36"
146.231.86.250 - - [11/Dec/2014:17:58:19 +0200] "GET /assets/lib/custom/JMS/workflow.js HTTP/1.1" 304 212 "http://jms.biosci.ru.ac.za/workflows" "Mozilla/5.0 (X11; Linux x86_64) AppleWebKit/537.36 (KHTML, like Gecko) Ubuntu Chromium/39.0.2171.65 Chrome/39.0.2171.65 Safari/537.36"
146.231.86.250 - - [11/Dec/2014:17:58:19 +0200] "GET /assets/lib/bootstrap/binary/img/offline_user.png HTTP/1.1" 304 189 "http://jms.biosci.ru.ac.za/workflows" "Mozilla/5.0 (X11; Linux x86_64) AppleWebKit/537.36 (KHTML, like Gecko) Ubuntu Chromium/39.0.2171.65 Chrome/39.0.2171.65 Safari/537.36"
146.231.86.250 - - [11/Dec/2014:17:58:19 +0200] "GET /assets/img/big_red_loader.gif HTTP/1.1" 304 189 "http://jms.biosci.ru.ac.za/workflows" "Mozilla/5.0 (X11; Linux x86_64) AppleWebKit/537.36 (KHTML, like Gecko) Ubuntu Chromium/39.0.2171.65 Chrome/39.0.2171.65 Safari/537.36"
146.231.86.250 - - [11/Dec/2014:17:58:19 +0200] "GET /assets/img/text_loader.gif HTTP/1.1" 304 189 "http://jms.biosci.ru.ac.za/workflows" "Mozilla/5.0 (X11; Linux x86_64) AppleWebKit/537.36 (KHTML, like Gecko) Ubuntu Chromium/39.0.2171.65 Chrome/39.0.2171.65 Safari/537.36"
146.231.86.250 - - [11/Dec/2014:17:58:19 +0200] "GET /assets/img/success.png HTTP/1.1" 304 189 "http://jms.biosci.ru.ac.za/workflows" "Mozilla/5.0 (X11; Linux x86_64) AppleWebKit/537.36 (KHTML, like Gecko) Ubuntu Chromium/39.0.2171.65 Chrome/39.0.2171.65 Safari/537.36"
146.231.86.250 - - [11/Dec/2014:17:58:19 +0200] "GET /assets/img/job_started.gif HTTP/1.1" 304 189 "http://jms.biosci.ru.ac.za/workflows" "Mozilla/5.0 (X11; Linux x86_64) AppleWebKit/537.36 (KHTML, like Gecko) Ubuntu Chromium/39.0.2171.65 Chrome/39.0.2171.65 Safari/537.36"
146.231.86.250 - - [11/Dec/2014:17:58:19 +0200] "GET /assets/img/error.png HTTP/1.1" 304 189 "http://jms.biosci.ru.ac.za/workflows" "Mozilla/5.0 (X11; Linux x86_64) AppleWebKit/537.36 (KHTML, like Gecko) Ubuntu Chromium/39.0.2171.65 Chrome/39.0.2171.65 Safari/537.36"
146.231.86.250 - - [11/Dec/2014:17:58:19 +0200] "GET /assets/img/job_failed.gif HTTP/1.1" 304 189 "http://jms.biosci.ru.ac.za/workflows" "Mozilla/5.0 (X11; Linux x86_64) AppleWebKit/537.36 (KHTML, like Gecko) Ubuntu Chromium/39.0.2171.65 Chrome/39.0.2171.65 Safari/537.36"
146.231.86.250 - - [11/Dec/2014:17:58:19 +0200] "GET /assets/img/small_blue_loader.gif HTTP/1.1" 304 189 "http://jms.biosci.ru.ac.za/workflows" "Mozilla/5.0 (X11; Linux x86_64) AppleWebKit/537.36 (KHTML, like Gecko) Ubuntu Chromium/39.0.2171.65 Chrome/39.0.2171.65 Safari/537.36"
146.231.86.250 - - [11/Dec/2014:17:58:19 +0200] "GET /assets/lib/bootstrap/binary/css/font-awesome.css HTTP/1.1" 304 213 "http://jms.biosci.ru.ac.za/workflows" "Mozilla/5.0 (X11; Linux x86_64) AppleWebKit/537.36 (KHTML, like Gecko) Ubuntu Chromium/39.0.2171.65 Chrome/39.0.2171.65 Safari/537.36"
146.231.86.250 - - [11/Dec/2014:17:58:19 +0200] "GET /assets/lib/bootstrap/binary/css/custom.css HTTP/1.1" 304 213 "http://jms.biosci.ru.ac.za/workflows" "Mozilla/5.0 (X11; Linux x86_64) AppleWebKit/537.36 (KHTML, like Gecko) Ubuntu Chromium/39.0.2171.65 Chrome/39.0.2171.65 Safari/537.36"
146.231.86.250 - - [11/Dec/2014:17:58:19 +0200] "GET /assets/lib/bootstrap/binary/css/stavatech.css HTTP/1.1" 304 212 "http://jms.biosci.ru.ac.za/workflows" "Mozilla/5.0 (X11; Linux x86_64) AppleWebKit/537.36 (KHTML, like Gecko) Ubuntu Chromium/39.0.2171.65 Chrome/39.0.2171.65 Safari/537.36"
146.231.86.250 - - [11/Dec/2014:17:58:19 +0200] "GET /assets/lib/jquery-1.10.2.js HTTP/1.1" 304 214 "http://jms.biosci.ru.ac.za/workflows" "Mozilla/5.0 (X11; Linux x86_64) AppleWebKit/537.36 (KHTML, like Gecko) Ubuntu Chromium/39.0.2171.65 Chrome/39.0.2171.65 Safari/537.36"
146.231.86.250 - - [11/Dec/2014:17:58:20 +0200] "GET /assets/lib/jquery-migrate.min.js HTTP/1.1" 304 213 "http://jms.biosci.ru.ac.za/workflows" "Mozilla/5.0 (X11; Linux x86_64) AppleWebKit/537.36 (KHTML, like Gecko) Ubuntu Chromium/39.0.2171.65 Chrome/39.0.2171.65 Safari/537.36"
146.231.86.250 - - [11/Dec/2014:17:58:21 +0200] "GET /assets/img/question.png HTTP/1.1" 304 189 "http://jms.biosci.ru.ac.za/workflows" "Mozilla/5.0 (X11; Linux x86_64) AppleWebKit/537.36 (KHTML, like Gecko) Ubuntu Chromium/39.0.2171.65 Chrome/39.0.2171.65 Safari/537.36"
146.231.74.218 - - [11/Dec/2014:17:58:17 +0200] "GET /api/jms/jobs/cluster/8378.torqueserver HTTP/1.1" 200 4731 "http://jms.biosci.ru.ac.za/jobs/" "Mozilla/5.0 (X11; Linux x86_64) AppleWebKit/537.36 (KHTML, like Gecko) Chrome/38.0.2125.122 Safari/537.36"
146.231.86.250 - - [11/Dec/2014:17:58:21 +0200] "GET /api/jms/workflows HTTP/1.1" 200 1230 "http://jms.biosci.ru.ac.za/workflows" "Mozilla/5.0 (X11; Linux x86_64) AppleWebKit/537.36 (KHTML, like Gecko) Ubuntu Chromium/39.0.2171.65 Chrome/39.0.2171.65 Safari/537.36"
146.231.86.250 - - [11/Dec/2014:17:58:22 +0200] "GET /api/jms/workflows/37 HTTP/1.1" 200 2443 "http://jms.biosci.ru.ac.za/workflows" "Mozilla/5.0 (X11; Linux x86_64) AppleWebKit/537.36 (KHTML, like Gecko) Ubuntu Chromium/39.0.2171.65 Chrome/39.0.2171.65 Safari/537.36"
146.231.86.250 - - [11/Dec/2014:17:58:24 +0200] "GET /api/jms/dashboard HTTP/1.1" 200 12561 "http://jms.biosci.ru.ac.za/" "Mozilla/5.0 (X11; Linux x86_64) AppleWebKit/537.36 (KHTML, like Gecko) Ubuntu Chromium/39.0.2171.65 Chrome/39.0.2171.65 Safari/537.36"
146.231.74.218 - - [11/Dec/2014:17:58:25 +0200] "GET /api/jms/dashboard HTTP/1.1" 200 12561 "http://jms.biosci.ru.ac.za/" "Mozilla/5.0 (X11; Linux x86_64) AppleWebKit/537.36 (KHTML, like Gecko) Chrome/38.0.2125.122 Safari/537.36"
146.231.86.250 - - [11/Dec/2014:17:58:34 +0200] "GET /api/jms/dashboard HTTP/1.1" 200 12562 "http://jms.biosci.ru.ac.za/" "Mozilla/5.0 (X11; Linux x86_64) AppleWebKit/537.36 (KHTML, like Gecko) Ubuntu Chromium/39.0.2171.65 Chrome/39.0.2171.65 Safari/537.36"
146.231.74.218 - - [11/Dec/2014:17:58:35 +0200] "GET /api/jms/dashboard HTTP/1.1" 200 12562 "http://jms.biosci.ru.ac.za/" "Mozilla/5.0 (X11; Linux x86_64) AppleWebKit/537.36 (KHTML, like Gecko) Chrome/38.0.2125.122 Safari/537.36"
146.231.86.250 - - [11/Dec/2014:17:58:44 +0200] "GET /api/jms/dashboard HTTP/1.1" 200 12562 "http://jms.biosci.ru.ac.za/" "Mozilla/5.0 (X11; Linux x86_64) AppleWebKit/537.36 (KHTML, like Gecko) Ubuntu Chromium/39.0.2171.65 Chrome/39.0.2171.65 Safari/537.36"
146.231.74.218 - - [11/Dec/2014:17:58:45 +0200] "GET /api/jms/dashboard HTTP/1.1" 200 12562 "http://jms.biosci.ru.ac.za/" "Mozilla/5.0 (X11; Linux x86_64) AppleWebKit/537.36 (KHTML, like Gecko) Chrome/38.0.2125.122 Safari/537.36"
146.231.74.218 - - [11/Dec/2014:17:58:47 +0200] "GET /api/jms/jobs HTTP/1.1" 200 263 "http://jms.biosci.ru.ac.za/jobs/" "Mozilla/5.0 (X11; Linux x86_64) AppleWebKit/537.36 (KHTML, like Gecko) Chrome/38.0.2125.122 Safari/537.36"
146.231.130.12 - - [11/Dec/2014:17:58:48 +0200] "GET /assets/lib/elfinder-2.0-rc1/php/connector.php?path=_&user=lester&cmd=parents&target=l2_Lw&_=1418291025484 HTTP/1.1" 200 398 "-" "python-requests/2.4.3 CPython/2.7.3 Linux/3.8.0-35-generic"
146.231.74.218 - - [11/Dec/2014:17:58:47 +0200] "GET /api/jms/filemanager/cluster/?cmd=parents&target=l2_Lw&_=1418291025484 HTTP/1.1" 200 445 "http://jms.biosci.ru.ac.za/jobs/" "Mozilla/5.0 (X11; Linux x86_64) AppleWebKit/537.36 (KHTML, like Gecko) Chrome/38.0.2125.122 Safari/537.36"
146.231.130.12 - - [11/Dec/2014:17:58:48 +0200] "GET /assets/lib/elfinder-2.0-rc1/php/connector.php?path=_&user=lester&cmd=parents&target=l2_Lw&_=1418291025486 HTTP/1.1" 200 398 "-" "python-requests/2.4.3 CPython/2.7.3 Linux/3.8.0-35-generic"
146.231.74.218 - - [11/Dec/2014:17:58:47 +0200] "GET /api/jms/filemanager/cluster/?cmd=parents&target=l2_Lw&_=1418291025486 HTTP/1.1" 200 445 "http://jms.biosci.ru.ac.za/jobs/" "Mozilla/5.0 (X11; Linux x86_64) AppleWebKit/537.36 (KHTML, like Gecko) Chrome/38.0.2125.122 Safari/537.36"
146.231.130.12 - - [11/Dec/2014:17:58:48 +0200] "GET /assets/lib/elfinder-2.0-rc1/php/connector.php?path=_&user=lester&init=1&cmd=open&tree=1&target=l2_Lw&_=1418291025485 HTTP/1.1" 200 826 "-" "python-requests/2.4.3 CPython/2.7.3 Linux/3.8.0-35-generic"
146.231.130.12 - - [11/Dec/2014:17:58:48 +0200] "GET /assets/lib/elfinder-2.0-rc1/php/connector.php?path=_&user=lester&init=1&cmd=open&tree=1&target=l2_Lw&_=1418291025483 HTTP/1.1" 200 826 "-" "python-requests/2.4.3 CPython/2.7.3 Linux/3.8.0-35-generic"
146.231.74.218 - - [11/Dec/2014:17:58:47 +0200] "GET /api/jms/filemanager/cluster/?cmd=open&init=1&target=l2_Lw&tree=1&_=1418291025485 HTTP/1.1" 200 913 "http://jms.biosci.ru.ac.za/jobs/" "Mozilla/5.0 (X11; Linux x86_64) AppleWebKit/537.36 (KHTML, like Gecko) Chrome/38.0.2125.122 Safari/537.36"
146.231.74.218 - - [11/Dec/2014:17:58:47 +0200] "GET /api/jms/filemanager/cluster/?cmd=open&init=1&target=l2_Lw&tree=1&_=1418291025483 HTTP/1.1" 200 912 "http://jms.biosci.ru.ac.za/jobs/" "Mozilla/5.0 (X11; Linux x86_64) AppleWebKit/537.36 (KHTML, like Gecko) Chrome/38.0.2125.122 Safari/537.36"
146.231.86.250 - - [11/Dec/2014:17:58:48 +0200] "GET /api/jms/jobs HTTP/1.1" 200 20348 "http://jms.biosci.ru.ac.za/jobs/" "Mozilla/5.0 (X11; Ubuntu; Linux x86_64; rv:33.0) Gecko/20100101 Firefox/33.0"
146.231.74.218 - - [11/Dec/2014:17:58:47 +0200] "GET /api/jms/jobs/cluster/8378.torqueserver HTTP/1.1" 200 4731 "http://jms.biosci.ru.ac.za/jobs/" "Mozilla/5.0 (X11; Linux x86_64) AppleWebKit/537.36 (KHTML, like Gecko) Chrome/38.0.2125.122 Safari/537.36"
146.231.86.250 - - [11/Dec/2014:17:58:54 +0200] "GET /api/jms/dashboard HTTP/1.1" 200 12562 "http://jms.biosci.ru.ac.za/" "Mozilla/5.0 (X11; Linux x86_64) AppleWebKit/537.36 (KHTML, like Gecko) Ubuntu Chromium/39.0.2171.65 Chrome/39.0.2171.65 Safari/537.36"
146.231.74.218 - - [11/Dec/2014:17:58:55 +0200] "GET /api/jms/dashboard HTTP/1.1" 200 12562 "http://jms.biosci.ru.ac.za/" "Mozilla/5.0 (X11; Linux x86_64) AppleWebKit/537.36 (KHTML, like Gecko) Chrome/38.0.2125.122 Safari/537.36"
146.231.86.250 - - [11/Dec/2014:17:59:04 +0200] "GET /api/jms/dashboard HTTP/1.1" 200 12562 "http://jms.biosci.ru.ac.za/" "Mozilla/5.0 (X11; Linux x86_64) AppleWebKit/537.36 (KHTML, like Gecko) Ubuntu Chromium/39.0.2171.65 Chrome/39.0.2171.65 Safari/537.36"
146.231.74.218 - - [11/Dec/2014:17:59:05 +0200] "GET /api/jms/dashboard HTTP/1.1" 200 12562 "http://jms.biosci.ru.ac.za/" "Mozilla/5.0 (X11; Linux x86_64) AppleWebKit/537.36 (KHTML, like Gecko) Chrome/38.0.2125.122 Safari/537.36"
146.231.86.250 - - [11/Dec/2014:17:59:14 +0200] "GET /api/jms/dashboard HTTP/1.1" 200 12562 "http://jms.biosci.ru.ac.za/" "Mozilla/5.0 (X11; Linux x86_64) AppleWebKit/537.36 (KHTML, like Gecko) Ubuntu Chromium/39.0.2171.65 Chrome/39.0.2171.65 Safari/537.36"
146.231.74.218 - - [11/Dec/2014:17:59:15 +0200] "GET /api/jms/dashboard HTTP/1.1" 200 12562 "http://jms.biosci.ru.ac.za/" "Mozilla/5.0 (X11; Linux x86_64) AppleWebKit/537.36 (KHTML, like Gecko) Chrome/38.0.2125.122 Safari/537.36"
146.231.74.218 - - [11/Dec/2014:17:59:17 +0200] "GET /api/jms/jobs HTTP/1.1" 200 263 "http://jms.biosci.ru.ac.za/jobs/" "Mozilla/5.0 (X11; Linux x86_64) AppleWebKit/537.36 (KHTML, like Gecko) Chrome/38.0.2125.122 Safari/537.36"
146.231.130.12 - - [11/Dec/2014:17:59:17 +0200] "GET /assets/lib/elfinder-2.0-rc1/php/connector.php?path=_&user=lester&init=1&cmd=open&tree=1&target=l2_Lw&_=1418291025487 HTTP/1.1" 200 826 "-" "python-requests/2.4.3 CPython/2.7.3 Linux/3.8.0-35-generic"
146.231.130.12 - - [11/Dec/2014:17:59:17 +0200] "GET /assets/lib/elfinder-2.0-rc1/php/connector.php?path=_&user=lester&cmd=parents&target=l2_Lw&_=1418291025488 HTTP/1.1" 200 398 "-" "python-requests/2.4.3 CPython/2.7.3 Linux/3.8.0-35-generic"
146.231.130.12 - - [11/Dec/2014:17:59:17 +0200] "GET /assets/lib/elfinder-2.0-rc1/php/connector.php?path=_&user=lester&init=1&cmd=open&tree=1&target=l2_Lw&_=1418291025489 HTTP/1.1" 200 826 "-" "python-requests/2.4.3 CPython/2.7.3 Linux/3.8.0-35-generic"
146.231.74.218 - - [11/Dec/2014:17:59:17 +0200] "GET /api/jms/filemanager/cluster/?cmd=open&init=1&target=l2_Lw&tree=1&_=1418291025489 HTTP/1.1" 200 913 "http://jms.biosci.ru.ac.za/jobs/" "Mozilla/5.0 (X11; Linux x86_64) AppleWebKit/537.36 (KHTML, like Gecko) Chrome/38.0.2125.122 Safari/537.36"
146.231.74.218 - - [11/Dec/2014:17:59:17 +0200] "GET /api/jms/filemanager/cluster/?cmd=parents&target=l2_Lw&_=1418291025488 HTTP/1.1" 200 445 "http://jms.biosci.ru.ac.za/jobs/" "Mozilla/5.0 (X11; Linux x86_64) AppleWebKit/537.36 (KHTML, like Gecko) Chrome/38.0.2125.122 Safari/537.36"
146.231.74.218 - - [11/Dec/2014:17:59:17 +0200] "GET /api/jms/filemanager/cluster/?cmd=open&init=1&target=l2_Lw&tree=1&_=1418291025487 HTTP/1.1" 200 912 "http://jms.biosci.ru.ac.za/jobs/" "Mozilla/5.0 (X11; Linux x86_64) AppleWebKit/537.36 (KHTML, like Gecko) Chrome/38.0.2125.122 Safari/537.36"
146.231.130.12 - - [11/Dec/2014:17:59:17 +0200] "GET /assets/lib/elfinder-2.0-rc1/php/connector.php?path=_&user=lester&cmd=parents&target=l2_Lw&_=1418291025490 HTTP/1.1" 200 398 "-" "python-requests/2.4.3 CPython/2.7.3 Linux/3.8.0-35-generic"
146.231.74.218 - - [11/Dec/2014:17:59:17 +0200] "GET /api/jms/filemanager/cluster/?cmd=parents&target=l2_Lw&_=1418291025490 HTTP/1.1" 200 445 "http://jms.biosci.ru.ac.za/jobs/" "Mozilla/5.0 (X11; Linux x86_64) AppleWebKit/537.36 (KHTML, like Gecko) Chrome/38.0.2125.122 Safari/537.36"
146.231.86.250 - - [11/Dec/2014:17:59:18 +0200] "GET /api/jms/jobs HTTP/1.1" 200 20348 "http://jms.biosci.ru.ac.za/jobs/" "Mozilla/5.0 (X11; Ubuntu; Linux x86_64; rv:33.0) Gecko/20100101 Firefox/33.0"
146.231.74.218 - - [11/Dec/2014:17:59:17 +0200] "GET /api/jms/jobs/cluster/8378.torqueserver HTTP/1.1" 200 4731 "http://jms.biosci.ru.ac.za/jobs/" "Mozilla/5.0 (X11; Linux x86_64) AppleWebKit/537.36 (KHTML, like Gecko) Chrome/38.0.2125.122 Safari/537.36"
146.231.86.250 - - [11/Dec/2014:17:59:24 +0200] "GET /api/jms/dashboard HTTP/1.1" 200 12562 "http://jms.biosci.ru.ac.za/" "Mozilla/5.0 (X11; Linux x86_64) AppleWebKit/537.36 (KHTML, like Gecko) Ubuntu Chromium/39.0.2171.65 Chrome/39.0.2171.65 Safari/537.36"
146.231.74.218 - - [11/Dec/2014:17:59:25 +0200] "GET /api/jms/dashboard HTTP/1.1" 200 12544 "http://jms.biosci.ru.ac.za/" "Mozilla/5.0 (X11; Linux x86_64) AppleWebKit/537.36 (KHTML, like Gecko) Chrome/38.0.2125.122 Safari/537.36"
146.231.86.250 - - [11/Dec/2014:17:59:34 +0200] "GET /api/jms/dashboard HTTP/1.1" 200 12562 "http://jms.biosci.ru.ac.za/" "Mozilla/5.0 (X11; Linux x86_64) AppleWebKit/537.36 (KHTML, like Gecko) Ubuntu Chromium/39.0.2171.65 Chrome/39.0.2171.65 Safari/537.36"
146.231.74.218 - - [11/Dec/2014:17:59:35 +0200] "GET /api/jms/dashboard HTTP/1.1" 200 12562 "http://jms.biosci.ru.ac.za/" "Mozilla/5.0 (X11; Linux x86_64) AppleWebKit/537.36 (KHTML, like Gecko) Chrome/38.0.2125.122 Safari/537.36"
146.231.86.250 - - [11/Dec/2014:17:59:44 +0200] "GET /api/jms/dashboard HTTP/1.1" 200 12562 "http://jms.biosci.ru.ac.za/" "Mozilla/5.0 (X11; Linux x86_64) AppleWebKit/537.36 (KHTML, like Gecko) Ubuntu Chromium/39.0.2171.65 Chrome/39.0.2171.65 Safari/537.36"
146.231.74.218 - - [11/Dec/2014:17:59:45 +0200] "GET /api/jms/dashboard HTTP/1.1" 200 12562 "http://jms.biosci.ru.ac.za/" "Mozilla/5.0 (X11; Linux x86_64) AppleWebKit/537.36 (KHTML, like Gecko) Chrome/38.0.2125.122 Safari/537.36"
146.231.74.218 - - [11/Dec/2014:17:59:47 +0200] "GET /api/jms/jobs HTTP/1.1" 200 263 "http://jms.biosci.ru.ac.za/jobs/" "Mozilla/5.0 (X11; Linux x86_64) AppleWebKit/537.36 (KHTML, like Gecko) Chrome/38.0.2125.122 Safari/537.36"
146.231.130.12 - - [11/Dec/2014:17:59:47 +0200] "GET /assets/lib/elfinder-2.0-rc1/php/connector.php?path=_&user=lester&init=1&cmd=open&tree=1&target=l2_Lw&_=1418291025491 HTTP/1.1" 200 826 "-" "python-requests/2.4.3 CPython/2.7.3 Linux/3.8.0-35-generic"
146.231.74.218 - - [11/Dec/2014:17:59:47 +0200] "GET /api/jms/filemanager/cluster/?cmd=open&init=1&target=l2_Lw&tree=1&_=1418291025491 HTTP/1.1" 200 912 "http://jms.biosci.ru.ac.za/jobs/" "Mozilla/5.0 (X11; Linux x86_64) AppleWebKit/537.36 (KHTML, like Gecko) Chrome/38.0.2125.122 Safari/537.36"
146.231.130.12 - - [11/Dec/2014:17:59:47 +0200] "GET /assets/lib/elfinder-2.0-rc1/php/connector.php?path=_&user=lester&init=1&cmd=open&tree=1&target=l2_Lw&_=1418291025493 HTTP/1.1" 200 826 "-" "python-requests/2.4.3 CPython/2.7.3 Linux/3.8.0-35-generic"
146.231.74.218 - - [11/Dec/2014:17:59:47 +0200] "GET /api/jms/filemanager/cluster/?cmd=open&init=1&target=l2_Lw&tree=1&_=1418291025493 HTTP/1.1" 200 913 "http://jms.biosci.ru.ac.za/jobs/" "Mozilla/5.0 (X11; Linux x86_64) AppleWebKit/537.36 (KHTML, like Gecko) Chrome/38.0.2125.122 Safari/537.36"
146.231.130.12 - - [11/Dec/2014:17:59:47 +0200] "GET /assets/lib/elfinder-2.0-rc1/php/connector.php?path=_&user=lester&cmd=parents&target=l2_Lw&_=1418291025494 HTTP/1.1" 200 398 "-" "python-requests/2.4.3 CPython/2.7.3 Linux/3.8.0-35-generic"
146.231.74.218 - - [11/Dec/2014:17:59:47 +0200] "GET /api/jms/filemanager/cluster/?cmd=parents&target=l2_Lw&_=1418291025494 HTTP/1.1" 200 445 "http://jms.biosci.ru.ac.za/jobs/" "Mozilla/5.0 (X11; Linux x86_64) AppleWebKit/537.36 (KHTML, like Gecko) Chrome/38.0.2125.122 Safari/537.36"
146.231.130.12 - - [11/Dec/2014:17:59:48 +0200] "GET /assets/lib/elfinder-2.0-rc1/php/connector.php?path=_&user=lester&cmd=parents&target=l2_Lw&_=1418291025492 HTTP/1.1" 200 398 "-" "python-requests/2.4.3 CPython/2.7.3 Linux/3.8.0-35-generic"
146.231.74.218 - - [11/Dec/2014:17:59:47 +0200] "GET /api/jms/filemanager/cluster/?cmd=parents&target=l2_Lw&_=1418291025492 HTTP/1.1" 200 445 "http://jms.biosci.ru.ac.za/jobs/" "Mozilla/5.0 (X11; Linux x86_64) AppleWebKit/537.36 (KHTML, like Gecko) Chrome/38.0.2125.122 Safari/537.36"
146.231.86.250 - - [11/Dec/2014:17:59:48 +0200] "GET /api/jms/jobs HTTP/1.1" 200 20348 "http://jms.biosci.ru.ac.za/jobs/" "Mozilla/5.0 (X11; Ubuntu; Linux x86_64; rv:33.0) Gecko/20100101 Firefox/33.0"
146.231.74.218 - - [11/Dec/2014:17:59:47 +0200] "GET /api/jms/jobs/cluster/8378.torqueserver HTTP/1.1" 200 4731 "http://jms.biosci.ru.ac.za/jobs/" "Mozilla/5.0 (X11; Linux x86_64) AppleWebKit/537.36 (KHTML, like Gecko) Chrome/38.0.2125.122 Safari/537.36"
146.231.86.250 - - [11/Dec/2014:17:59:54 +0200] "GET /api/jms/dashboard HTTP/1.1" 200 12562 "http://jms.biosci.ru.ac.za/" "Mozilla/5.0 (X11; Linux x86_64) AppleWebKit/537.36 (KHTML, like Gecko) Ubuntu Chromium/39.0.2171.65 Chrome/39.0.2171.65 Safari/537.36"
146.231.74.218 - - [11/Dec/2014:17:59:55 +0200] "GET /api/jms/dashboard HTTP/1.1" 200 12562 "http://jms.biosci.ru.ac.za/" "Mozilla/5.0 (X11; Linux x86_64) AppleWebKit/537.36 (KHTML, like Gecko) Chrome/38.0.2125.122 Safari/537.36"
146.231.86.250 - - [11/Dec/2014:18:00:04 +0200] "GET /api/jms/dashboard HTTP/1.1" 200 12562 "http://jms.biosci.ru.ac.za/" "Mozilla/5.0 (X11; Linux x86_64) AppleWebKit/537.36 (KHTML, like Gecko) Ubuntu Chromium/39.0.2171.65 Chrome/39.0.2171.65 Safari/537.36"
146.231.74.218 - - [11/Dec/2014:18:00:05 +0200] "GET /api/jms/dashboard HTTP/1.1" 200 12562 "http://jms.biosci.ru.ac.za/" "Mozilla/5.0 (X11; Linux x86_64) AppleWebKit/537.36 (KHTML, like Gecko) Chrome/38.0.2125.122 Safari/537.36"
