146.231.86.250 - - [11/Dec/2014:17:55:57 +0200] "GET /workflows HTTP/1.1" 200 8652 "http://jms.biosci.ru.ac.za/workflows" "Mozilla/5.0 (X11; Linux x86_64) AppleWebKit/537.36 (KHTML, like Gecko) Ubuntu Chromium/39.0.2171.65 Chrome/39.0.2171.65 Safari/537.36"
146.231.86.250 - - [11/Dec/2014:17:55:58 +0200] "GET /assets/lib/bootstrap/binary/css/bootstrap.css HTTP/1.1" 304 213 "http://jms.biosci.ru.ac.za/workflows" "Mozilla/5.0 (X11; Linux x86_64) AppleWebKit/537.36 (KHTML, like Gecko) Ubuntu Chromium/39.0.2171.65 Chrome/39.0.2171.65 Safari/537.36"
146.231.86.250 - - [11/Dec/2014:17:55:58 +0200] "GET /assets/lib/bootstrap/binary/css/font-awesome.css HTTP/1.1" 304 212 "http://jms.biosci.ru.ac.za/workflows" "Mozilla/5.0 (X11; Linux x86_64) AppleWebKit/537.36 (KHTML, like Gecko) Ubuntu Chromium/39.0.2171.65 Chrome/39.0.2171.65 Safari/537.36"
146.231.86.250 - - [11/Dec/2014:17:55:58 +0200] "GET /assets/lib/bootstrap/binary/css/custom.css HTTP/1.1" 304 212 "http://jms.biosci.ru.ac.za/workflows" "Mozilla/5.0 (X11; Linux x86_64) AppleWebKit/537.36 (KHTML, like Gecko) Ubuntu Chromium/39.0.2171.65 Chrome/39.0.2171.65 Safari/537.36"
146.231.86.250 - - [11/Dec/2014:17:55:58 +0200] "GET /assets/lib/bootstrap/binary/css/stavatech.css HTTP/1.1" 304 212 "http://jms.biosci.ru.ac.za/workflows" "Mozilla/5.0 (X11; Linux x86_64) AppleWebKit/537.36 (KHTML, like Gecko) Ubuntu Chromium/39.0.2171.65 Chrome/39.0.2171.65 Safari/537.36"
146.231.86.250 - - [11/Dec/2014:17:55:58 +0200] "GET /assets/lib/bootstrap/binary/img/offline_user.png HTTP/1.1" 304 189 "http://jms.biosci.ru.ac.za/workflows" "Mozilla/5.0 (X11; Linux x86_64) AppleWebKit/537.36 (KHTML, like Gecko) Ubuntu Chromium/39.0.2171.65 Chrome/39.0.2171.65 Safari/537.36"
146.231.86.250 - - [11/Dec/2014:17:55:58 +0200] "GET /assets/lib/jquery-1.10.2.js HTTP/1.1" 304 213 "http://jms.biosci.ru.ac.za/workflows" "Mozilla/5.0 (X11; Linux x86_64) AppleWebKit/537.36 (KHTML, like Gecko) Ubuntu Chromium/39.0.2171.65 Chrome/39.0.2171.65 Safari/537.36"
146.231.86.250 - - [11/Dec/2014:17:55:58 +0200] "GET /assets/lib/jquery-migrate.min.js HTTP/1.1" 304 212 "http://jms.biosci.ru.ac.za/workflows" "Mozilla/5.0 (X11; Linux x86_64) AppleWebKit/537.36 (KHTML, like Gecko) Ubuntu Chromium/39.0.2171.65 Chrome/39.0.2171.65 Safari/537.36"
146.231.86.250 - - [11/Dec/2014:17:55:58 +0200] "GET /assets/lib/jquery-ui-1.11.2.jms/jquery-ui.js HTTP/1.1" 304 213 "http://jms.biosci.ru.ac.za/workflows" "Mozilla/5.0 (X11; Linux x86_64) AppleWebKit/537.36 (KHTML, like Gecko) Ubuntu Chromium/39.0.2171.65 Chrome/39.0.2171.65 Safari/537.36"
146.231.86.250 - - [11/Dec/2014:17:55:58 +0200] "GET /assets/lib/bootstrap/binary/js/bootstrap.min.js HTTP/1.1" 304 212 "http://jms.biosci.ru.ac.za/workflows" "Mozilla/5.0 (X11; Linux x86_64) AppleWebKit/537.36 (KHTML, like Gecko) Ubuntu Chromium/39.0.2171.65 Chrome/39.0.2171.65 Safari/537.36"
146.231.86.250 - - [11/Dec/2014:17:55:58 +0200] "GET /assets/lib/bootstrap/binary/js/jquery.metisMenu.js HTTP/1.1" 304 211 "http://jms.biosci.ru.ac.za/workflows" "Mozilla/5.0 (X11; Linux x86_64) AppleWebKit/537.36 (KHTML, like Gecko) Ubuntu Chromium/39.0.2171.65 Chrome/39.0.2171.65 Safari/537.36"
146.231.86.250 - - [11/Dec/2014:17:55:58 +0200] "GET /assets/lib/knockout-3.0.0.js HTTP/1.1" 304 212 "http://jms.biosci.ru.ac.za/workflows" "Mozilla/5.0 (X11; Linux x86_64) AppleWebKit/537.36 (KHTML, like Gecko) Ubuntu Chromium/39.0.2171.65 Chrome/39.0.2171.65 Safari/537.36"
146.231.86.250 - - [11/Dec/2014:17:55:58 +0200] "GET /assets/lib/custom/JMS/custom.js HTTP/1.1" 304 212 "http://jms.biosci.ru.ac.za/workflows" "Mozilla/5.0 (X11; Linux x86_64) AppleWebKit/537.36 (KHTML, like Gecko) Ubuntu Chromium/39.0.2171.65 Chrome/39.0.2171.65 Safari/537.36"
146.231.86.250 - - [11/Dec/2014:17:55:58 +0200] "GET /assets/lib/custom/question.js HTTP/1.1" 304 211 "http://jms.biosci.ru.ac.za/workflows" "Mozilla/5.0 (X11; Linux x86_64) AppleWebKit/537.36 (KHTML, like Gecko) Ubuntu Chromium/39.0.2171.65 Chrome/39.0.2171.65 Safari/537.36"
146.231.86.250 - - [11/Dec/2014:17:55:58 +0200] "GET /assets/lib/custom/JMS/workflow.js HTTP/1.1" 304 212 "http://jms.biosci.ru.ac.za/workflows" "Mozilla/5.0 (X11; Linux x86_64) AppleWebKit/537.36 (KHTML, like Gecko) Ubuntu Chromium/39.0.2171.65 Chrome/39.0.2171.65 Safari/537.36"
146.231.86.250 - - [11/Dec/2014:17:55:58 +0200] "GET /assets/img/big_red_loader.gif HTTP/1.1" 304 189 "http://jms.biosci.ru.ac.za/workflows" "Mozilla/5.0 (X11; Linux x86_64) AppleWebKit/537.36 (KHTML, like Gecko) Ubuntu Chromium/39.0.2171.65 Chrome/39.0.2171.65 Safari/537.36"
146.231.86.250 - - [11/Dec/2014:17:55:58 +0200] "GET /assets/img/text_loader.gif HTTP/1.1" 304 189 "http://jms.biosci.ru.ac.za/workflows" "Mozilla/5.0 (X11; Linux x86_64) AppleWebKit/537.36 (KHTML, like Gecko) Ubuntu Chromium/39.0.2171.65 Chrome/39.0.2171.65 Safari/537.36"
146.231.86.250 - - [11/Dec/2014:17:55:58 +0200] "GET /assets/img/success.png HTTP/1.1" 200 6190 "http://jms.biosci.ru.ac.za/workflows" "Mozilla/5.0 (X11; Linux x86_64) AppleWebKit/537.36 (KHTML, like Gecko) Ubuntu Chromium/39.0.2171.65 Chrome/39.0.2171.65 Safari/537.36"
146.231.86.250 - - [11/Dec/2014:17:55:58 +0200] "GET /assets/img/job_started.gif HTTP/1.1" 200 50216 "http://jms.biosci.ru.ac.za/workflows" "Mozilla/5.0 (X11; Linux x86_64) AppleWebKit/537.36 (KHTML, like Gecko) Ubuntu Chromium/39.0.2171.65 Chrome/39.0.2171.65 Safari/537.36"
146.231.86.250 - - [11/Dec/2014:17:55:58 +0200] "GET /assets/img/error.png HTTP/1.1" 200 10978 "http://jms.biosci.ru.ac.za/workflows" "Mozilla/5.0 (X11; Linux x86_64) AppleWebKit/537.36 (KHTML, like Gecko) Ubuntu Chromium/39.0.2171.65 Chrome/39.0.2171.65 Safari/537.36"
146.231.86.250 - - [11/Dec/2014:17:55:58 +0200] "GET /assets/img/job_failed.gif HTTP/1.1" 200 47164 "http://jms.biosci.ru.ac.za/workflows" "Mozilla/5.0 (X11; Linux x86_64) AppleWebKit/537.36 (KHTML, like Gecko) Ubuntu Chromium/39.0.2171.65 Chrome/39.0.2171.65 Safari/537.36"
146.231.86.250 - - [11/Dec/2014:17:55:58 +0200] "GET /assets/img/small_blue_loader.gif HTTP/1.1" 200 4617 "http://jms.biosci.ru.ac.za/workflows" "Mozilla/5.0 (X11; Linux x86_64) AppleWebKit/537.36 (KHTML, like Gecko) Ubuntu Chromium/39.0.2171.65 Chrome/39.0.2171.65 Safari/537.36"
146.231.86.250 - - [11/Dec/2014:17:55:58 +0200] "GET /assets/lib/bootstrap/binary/font-awesome/fonts/fontawesome-webfontba72.woff?v=4.0.3 HTTP/1.1" 304 189 "http://jms.biosci.ru.ac.za/assets/lib/bootstrap/binary/css/font-awesome.css" "Mozilla/5.0 (X11; Linux x86_64) AppleWebKit/537.36 (KHTML, like Gecko) Ubuntu Chromium/39.0.2171.65 Chrome/39.0.2171.65 Safari/537.36"
146.231.86.250 - - [11/Dec/2014:17:55:58 +0200] "GET /assets/img/question.png HTTP/1.1" 200 6667 "http://jms.biosci.ru.ac.za/workflows" "Mozilla/5.0 (X11; Linux x86_64) AppleWebKit/537.36 (KHTML, like Gecko) Ubuntu Chromium/39.0.2171.65 Chrome/39.0.2171.65 Safari/537.36"
146.231.86.250 - - [11/Dec/2014:17:55:59 +0200] "GET /api/jms/workflows HTTP/1.1" 200 1230 "http://jms.biosci.ru.ac.za/workflows" "Mozilla/5.0 (X11; Linux x86_64) AppleWebKit/537.36 (KHTML, like Gecko) Ubuntu Chromium/39.0.2171.65 Chrome/39.0.2171.65 Safari/537.36"
146.231.86.250 - - [11/Dec/2014:17:56:04 +0200] "GET /api/jms/dashboard HTTP/1.1" 200 12562 "http://jms.biosci.ru.ac.za/" "Mozilla/5.0 (X11; Linux x86_64) AppleWebKit/537.36 (KHTML, like Gecko) Ubuntu Chromium/39.0.2171.65 Chrome/39.0.2171.65 Safari/537.36"
146.231.74.218 - - [11/Dec/2014:17:56:05 +0200] "GET /api/jms/dashboard HTTP/1.1" 200 12562 "http://jms.biosci.ru.ac.za/" "Mozilla/5.0 (X11; Linux x86_64) AppleWebKit/537.36 (KHTML, like Gecko) Chrome/38.0.2125.122 Safari/537.36"
146.231.86.250 - - [11/Dec/2014:17:56:07 +0200] "GET /api/jms/workflows/27 HTTP/1.1" 200 4755 "http://jms.biosci.ru.ac.za/workflows" "Mozilla/5.0 (X11; Linux x86_64) AppleWebKit/537.36 (KHTML, like Gecko) Ubuntu Chromium/39.0.2171.65 Chrome/39.0.2171.65 Safari/537.36"
146.231.86.250 - - [11/Dec/2014:17:56:07 +0200] "GET /api/jms/files/workflows/27 HTTP/1.1" 200 373 "http://jms.biosci.ru.ac.za/workflows" "Mozilla/5.0 (X11; Linux x86_64) AppleWebKit/537.36 (KHTML, like Gecko) Ubuntu Chromium/39.0.2171.65 Chrome/39.0.2171.65 Safari/537.36"
146.231.86.250 - - [11/Dec/2014:17:56:09 +0200] "GET /api/jms/files/workflows/27/ContextManagers.py HTTP/1.1" 200 647 "http://jms.biosci.ru.ac.za/workflows" "Mozilla/5.0 (X11; Linux x86_64) AppleWebKit/537.36 (KHTML, like Gecko) Ubuntu Chromium/39.0.2171.65 Chrome/39.0.2171.65 Safari/537.36"
146.231.86.250 - - [11/Dec/2014:17:56:14 +0200] "GET /api/jms/dashboard HTTP/1.1" 200 12561 "http://jms.biosci.ru.ac.za/" "Mozilla/5.0 (X11; Linux x86_64) AppleWebKit/537.36 (KHTML, like Gecko) Ubuntu Chromium/39.0.2171.65 Chrome/39.0.2171.65 Safari/537.36"
146.231.74.218 - - [11/Dec/2014:17:56:15 +0200] "GET /api/jms/dashboard HTTP/1.1" 200 12562 "http://jms.biosci.ru.ac.za/" "Mozilla/5.0 (X11; Linux x86_64) AppleWebKit/537.36 (KHTML, like Gecko) Chrome/38.0.2125.122 Safari/537.36"
146.231.74.218 - - [11/Dec/2014:17:56:17 +0200] "GET /api/jms/jobs HTTP/1.1" 200 263 "http://jms.biosci.ru.ac.za/jobs/" "Mozilla/5.0 (X11; Linux x86_64) AppleWebKit/537.36 (KHTML, like Gecko) Chrome/38.0.2125.122 Safari/537.36"
146.231.130.12 - - [11/Dec/2014:17:56:18 +0200] "GET /assets/lib/elfinder-2.0-rc1/php/connector.php?path=_&user=lester&init=1&cmd=open&tree=1&target=l2_Lw&_=1418291025463 HTTP/1.1" 200 826 "-" "python-requests/2.4.3 CPython/2.7.3 Linux/3.8.0-35-generic"
146.231.74.218 - - [11/Dec/2014:17:56:17 +0200] "GET /api/jms/filemanager/cluster/?cmd=open&init=1&target=l2_Lw&tree=1&_=1418291025463 HTTP/1.1" 200 912 "http://jms.biosci.ru.ac.za/jobs/" "Mozilla/5.0 (X11; Linux x86_64) AppleWebKit/537.36 (KHTML, like Gecko) Chrome/38.0.2125.122 Safari/537.36"
146.231.130.12 - - [11/Dec/2014:17:56:18 +0200] "GET /assets/lib/elfinder-2.0-rc1/php/connector.php?path=_&user=lester&cmd=parents&target=l2_Lw&_=1418291025466 HTTP/1.1" 200 398 "-" "python-requests/2.4.3 CPython/2.7.3 Linux/3.8.0-35-generic"
146.231.74.218 - - [11/Dec/2014:17:56:17 +0200] "GET /api/jms/filemanager/cluster/?cmd=parents&target=l2_Lw&_=1418291025466 HTTP/1.1" 200 445 "http://jms.biosci.ru.ac.za/jobs/" "Mozilla/5.0 (X11; Linux x86_64) AppleWebKit/537.36 (KHTML, like Gecko) Chrome/38.0.2125.122 Safari/537.36"
146.231.130.12 - - [11/Dec/2014:17:56:18 +0200] "GET /assets/lib/elfinder-2.0-rc1/php/connector.php?path=_&user=lester&cmd=parents&target=l2_Lw&_=1418291025464 HTTP/1.1" 200 398 "-" "python-requests/2.4.3 CPython/2.7.3 Linux/3.8.0-35-generic"
146.231.74.218 - - [11/Dec/2014:17:56:17 +0200] "GET /api/jms/filemanager/cluster/?cmd=parents&target=l2_Lw&_=1418291025464 HTTP/1.1" 200 445 "http://jms.biosci.ru.ac.za/jobs/" "Mozilla/5.0 (X11; Linux x86_64) AppleWebKit/537.36 (KHTML, like Gecko) Chrome/38.0.2125.122 Safari/537.36"
146.231.130.12 - - [11/Dec/2014:17:56:18 +0200] "GET /assets/lib/elfinder-2.0-rc1/php/connector.php?path=_&user=lester&init=1&cmd=open&tree=1&target=l2_Lw&_=1418291025465 HTTP/1.1" 200 826 "-" "python-requests/2.4.3 CPython/2.7.3 Linux/3.8.0-35-generic"
146.231.74.218 - - [11/Dec/2014:17:56:17 +0200] "GET /api/jms/filemanager/cluster/?cmd=open&init=1&target=l2_Lw&tree=1&_=1418291025465 HTTP/1.1" 200 913 "http://jms.biosci.ru.ac.za/jobs/" "Mozilla/5.0 (X11; Linux x86_64) AppleWebKit/537.36 (KHTML, like Gecko) Chrome/38.0.2125.122 Safari/537.36"
146.231.86.250 - - [11/Dec/2014:17:56:18 +0200] "GET /api/jms/jobs HTTP/1.1" 200 20348 "http://jms.biosci.ru.ac.za/jobs/" "Mozilla/5.0 (X11; Ubuntu; Linux x86_64; rv:33.0) Gecko/20100101 Firefox/33.0"
146.231.74.218 - - [11/Dec/2014:17:56:17 +0200] "GET /api/jms/jobs/cluster/8378.torqueserver HTTP/1.1" 200 4731 "http://jms.biosci.ru.ac.za/jobs/" "Mozilla/5.0 (X11; Linux x86_64) AppleWebKit/537.36 (KHTML, like Gecko) Chrome/38.0.2125.122 Safari/537.36"
